ARM GAS  /tmp/ccfbYlrj.s 			page 1


   1              		.cpu cortex-m4
   2              		.arch armv7e-m
   3              		.fpu fpv4-sp-d16
   4              		.eabi_attribute 27, 1
   5              		.eabi_attribute 28, 1
   6              		.eabi_attribute 20, 1
   7              		.eabi_attribute 21, 1
   8              		.eabi_attribute 23, 3
   9              		.eabi_attribute 24, 1
  10              		.eabi_attribute 25, 1
  11              		.eabi_attribute 26, 1
  12              		.eabi_attribute 30, 1
  13              		.eabi_attribute 34, 1
  14              		.eabi_attribute 18, 4
  15              		.file	"usbd_ioreq.c"
  16              		.text
  17              	.Ltext0:
  18              		.cfi_sections	.debug_frame
  19              		.file 1 "Middlewares/ST/STM32_USB_Device_Library/Core/Src/usbd_ioreq.c"
  20              		.section	.text.USBD_CtlSendData,"ax",%progbits
  21              		.align	1
  22              		.global	USBD_CtlSendData
  23              		.syntax unified
  24              		.thumb
  25              		.thumb_func
  27              	USBD_CtlSendData:
  28              	.LVL0:
  29              	.LFB138:
   1:Middlewares/ST/STM32_USB_Device_Library/Core/Src/usbd_ioreq.c **** /**
   2:Middlewares/ST/STM32_USB_Device_Library/Core/Src/usbd_ioreq.c ****   ******************************************************************************
   3:Middlewares/ST/STM32_USB_Device_Library/Core/Src/usbd_ioreq.c ****   * @file    usbd_ioreq.c
   4:Middlewares/ST/STM32_USB_Device_Library/Core/Src/usbd_ioreq.c ****   * @author  MCD Application Team
   5:Middlewares/ST/STM32_USB_Device_Library/Core/Src/usbd_ioreq.c ****   * @brief   This file provides the IO requests APIs for control endpoints.
   6:Middlewares/ST/STM32_USB_Device_Library/Core/Src/usbd_ioreq.c ****   ******************************************************************************
   7:Middlewares/ST/STM32_USB_Device_Library/Core/Src/usbd_ioreq.c ****   * @attention
   8:Middlewares/ST/STM32_USB_Device_Library/Core/Src/usbd_ioreq.c ****   *
   9:Middlewares/ST/STM32_USB_Device_Library/Core/Src/usbd_ioreq.c ****   * Copyright (c) 2015 STMicroelectronics.
  10:Middlewares/ST/STM32_USB_Device_Library/Core/Src/usbd_ioreq.c ****   * All rights reserved.
  11:Middlewares/ST/STM32_USB_Device_Library/Core/Src/usbd_ioreq.c ****   *
  12:Middlewares/ST/STM32_USB_Device_Library/Core/Src/usbd_ioreq.c ****   * This software is licensed under terms that can be found in the LICENSE file
  13:Middlewares/ST/STM32_USB_Device_Library/Core/Src/usbd_ioreq.c ****   * in the root directory of this software component.
  14:Middlewares/ST/STM32_USB_Device_Library/Core/Src/usbd_ioreq.c ****   * If no LICENSE file comes with this software, it is provided AS-IS.
  15:Middlewares/ST/STM32_USB_Device_Library/Core/Src/usbd_ioreq.c ****   *
  16:Middlewares/ST/STM32_USB_Device_Library/Core/Src/usbd_ioreq.c ****   ******************************************************************************
  17:Middlewares/ST/STM32_USB_Device_Library/Core/Src/usbd_ioreq.c ****   */
  18:Middlewares/ST/STM32_USB_Device_Library/Core/Src/usbd_ioreq.c **** 
  19:Middlewares/ST/STM32_USB_Device_Library/Core/Src/usbd_ioreq.c **** /* Includes ------------------------------------------------------------------*/
  20:Middlewares/ST/STM32_USB_Device_Library/Core/Src/usbd_ioreq.c **** #include "usbd_ioreq.h"
  21:Middlewares/ST/STM32_USB_Device_Library/Core/Src/usbd_ioreq.c **** 
  22:Middlewares/ST/STM32_USB_Device_Library/Core/Src/usbd_ioreq.c **** /** @addtogroup STM32_USB_DEVICE_LIBRARY
  23:Middlewares/ST/STM32_USB_Device_Library/Core/Src/usbd_ioreq.c ****   * @{
  24:Middlewares/ST/STM32_USB_Device_Library/Core/Src/usbd_ioreq.c ****   */
  25:Middlewares/ST/STM32_USB_Device_Library/Core/Src/usbd_ioreq.c **** 
  26:Middlewares/ST/STM32_USB_Device_Library/Core/Src/usbd_ioreq.c **** 
  27:Middlewares/ST/STM32_USB_Device_Library/Core/Src/usbd_ioreq.c **** /** @defgroup USBD_IOREQ
  28:Middlewares/ST/STM32_USB_Device_Library/Core/Src/usbd_ioreq.c ****   * @brief control I/O requests module
  29:Middlewares/ST/STM32_USB_Device_Library/Core/Src/usbd_ioreq.c ****   * @{
ARM GAS  /tmp/ccfbYlrj.s 			page 2


  30:Middlewares/ST/STM32_USB_Device_Library/Core/Src/usbd_ioreq.c ****   */
  31:Middlewares/ST/STM32_USB_Device_Library/Core/Src/usbd_ioreq.c **** 
  32:Middlewares/ST/STM32_USB_Device_Library/Core/Src/usbd_ioreq.c **** /** @defgroup USBD_IOREQ_Private_TypesDefinitions
  33:Middlewares/ST/STM32_USB_Device_Library/Core/Src/usbd_ioreq.c ****   * @{
  34:Middlewares/ST/STM32_USB_Device_Library/Core/Src/usbd_ioreq.c ****   */
  35:Middlewares/ST/STM32_USB_Device_Library/Core/Src/usbd_ioreq.c **** /**
  36:Middlewares/ST/STM32_USB_Device_Library/Core/Src/usbd_ioreq.c ****   * @}
  37:Middlewares/ST/STM32_USB_Device_Library/Core/Src/usbd_ioreq.c ****   */
  38:Middlewares/ST/STM32_USB_Device_Library/Core/Src/usbd_ioreq.c **** 
  39:Middlewares/ST/STM32_USB_Device_Library/Core/Src/usbd_ioreq.c **** 
  40:Middlewares/ST/STM32_USB_Device_Library/Core/Src/usbd_ioreq.c **** /** @defgroup USBD_IOREQ_Private_Defines
  41:Middlewares/ST/STM32_USB_Device_Library/Core/Src/usbd_ioreq.c ****   * @{
  42:Middlewares/ST/STM32_USB_Device_Library/Core/Src/usbd_ioreq.c ****   */
  43:Middlewares/ST/STM32_USB_Device_Library/Core/Src/usbd_ioreq.c **** 
  44:Middlewares/ST/STM32_USB_Device_Library/Core/Src/usbd_ioreq.c **** /**
  45:Middlewares/ST/STM32_USB_Device_Library/Core/Src/usbd_ioreq.c ****   * @}
  46:Middlewares/ST/STM32_USB_Device_Library/Core/Src/usbd_ioreq.c ****   */
  47:Middlewares/ST/STM32_USB_Device_Library/Core/Src/usbd_ioreq.c **** 
  48:Middlewares/ST/STM32_USB_Device_Library/Core/Src/usbd_ioreq.c **** 
  49:Middlewares/ST/STM32_USB_Device_Library/Core/Src/usbd_ioreq.c **** /** @defgroup USBD_IOREQ_Private_Macros
  50:Middlewares/ST/STM32_USB_Device_Library/Core/Src/usbd_ioreq.c ****   * @{
  51:Middlewares/ST/STM32_USB_Device_Library/Core/Src/usbd_ioreq.c ****   */
  52:Middlewares/ST/STM32_USB_Device_Library/Core/Src/usbd_ioreq.c **** /**
  53:Middlewares/ST/STM32_USB_Device_Library/Core/Src/usbd_ioreq.c ****   * @}
  54:Middlewares/ST/STM32_USB_Device_Library/Core/Src/usbd_ioreq.c ****   */
  55:Middlewares/ST/STM32_USB_Device_Library/Core/Src/usbd_ioreq.c **** 
  56:Middlewares/ST/STM32_USB_Device_Library/Core/Src/usbd_ioreq.c **** 
  57:Middlewares/ST/STM32_USB_Device_Library/Core/Src/usbd_ioreq.c **** /** @defgroup USBD_IOREQ_Private_Variables
  58:Middlewares/ST/STM32_USB_Device_Library/Core/Src/usbd_ioreq.c ****   * @{
  59:Middlewares/ST/STM32_USB_Device_Library/Core/Src/usbd_ioreq.c ****   */
  60:Middlewares/ST/STM32_USB_Device_Library/Core/Src/usbd_ioreq.c **** 
  61:Middlewares/ST/STM32_USB_Device_Library/Core/Src/usbd_ioreq.c **** /**
  62:Middlewares/ST/STM32_USB_Device_Library/Core/Src/usbd_ioreq.c ****   * @}
  63:Middlewares/ST/STM32_USB_Device_Library/Core/Src/usbd_ioreq.c ****   */
  64:Middlewares/ST/STM32_USB_Device_Library/Core/Src/usbd_ioreq.c **** 
  65:Middlewares/ST/STM32_USB_Device_Library/Core/Src/usbd_ioreq.c **** 
  66:Middlewares/ST/STM32_USB_Device_Library/Core/Src/usbd_ioreq.c **** /** @defgroup USBD_IOREQ_Private_FunctionPrototypes
  67:Middlewares/ST/STM32_USB_Device_Library/Core/Src/usbd_ioreq.c ****   * @{
  68:Middlewares/ST/STM32_USB_Device_Library/Core/Src/usbd_ioreq.c ****   */
  69:Middlewares/ST/STM32_USB_Device_Library/Core/Src/usbd_ioreq.c **** /**
  70:Middlewares/ST/STM32_USB_Device_Library/Core/Src/usbd_ioreq.c ****   * @}
  71:Middlewares/ST/STM32_USB_Device_Library/Core/Src/usbd_ioreq.c ****   */
  72:Middlewares/ST/STM32_USB_Device_Library/Core/Src/usbd_ioreq.c **** 
  73:Middlewares/ST/STM32_USB_Device_Library/Core/Src/usbd_ioreq.c **** 
  74:Middlewares/ST/STM32_USB_Device_Library/Core/Src/usbd_ioreq.c **** /** @defgroup USBD_IOREQ_Private_Functions
  75:Middlewares/ST/STM32_USB_Device_Library/Core/Src/usbd_ioreq.c ****   * @{
  76:Middlewares/ST/STM32_USB_Device_Library/Core/Src/usbd_ioreq.c ****   */
  77:Middlewares/ST/STM32_USB_Device_Library/Core/Src/usbd_ioreq.c **** 
  78:Middlewares/ST/STM32_USB_Device_Library/Core/Src/usbd_ioreq.c **** /**
  79:Middlewares/ST/STM32_USB_Device_Library/Core/Src/usbd_ioreq.c ****   * @brief  USBD_CtlSendData
  80:Middlewares/ST/STM32_USB_Device_Library/Core/Src/usbd_ioreq.c ****   *         send data on the ctl pipe
  81:Middlewares/ST/STM32_USB_Device_Library/Core/Src/usbd_ioreq.c ****   * @param  pdev: device instance
  82:Middlewares/ST/STM32_USB_Device_Library/Core/Src/usbd_ioreq.c ****   * @param  buff: pointer to data buffer
  83:Middlewares/ST/STM32_USB_Device_Library/Core/Src/usbd_ioreq.c ****   * @param  len: length of data to be sent
  84:Middlewares/ST/STM32_USB_Device_Library/Core/Src/usbd_ioreq.c ****   * @retval status
  85:Middlewares/ST/STM32_USB_Device_Library/Core/Src/usbd_ioreq.c ****   */
  86:Middlewares/ST/STM32_USB_Device_Library/Core/Src/usbd_ioreq.c **** USBD_StatusTypeDef USBD_CtlSendData(USBD_HandleTypeDef *pdev,
ARM GAS  /tmp/ccfbYlrj.s 			page 3


  87:Middlewares/ST/STM32_USB_Device_Library/Core/Src/usbd_ioreq.c ****                                     uint8_t *pbuf, uint32_t len)
  88:Middlewares/ST/STM32_USB_Device_Library/Core/Src/usbd_ioreq.c **** {
  30              		.loc 1 88 1 view -0
  31              		.cfi_startproc
  32              		@ args = 0, pretend = 0, frame = 0
  33              		@ frame_needed = 0, uses_anonymous_args = 0
  34              		.loc 1 88 1 is_stmt 0 view .LVU1
  35 0000 08B5     		push	{r3, lr}
  36              		.cfi_def_cfa_offset 8
  37              		.cfi_offset 3, -8
  38              		.cfi_offset 14, -4
  39 0002 1346     		mov	r3, r2
  89:Middlewares/ST/STM32_USB_Device_Library/Core/Src/usbd_ioreq.c ****   /* Set EP0 State */
  90:Middlewares/ST/STM32_USB_Device_Library/Core/Src/usbd_ioreq.c ****   pdev->ep0_state = USBD_EP0_DATA_IN;
  40              		.loc 1 90 3 is_stmt 1 view .LVU2
  41              		.loc 1 90 19 is_stmt 0 view .LVU3
  42 0004 0222     		movs	r2, #2
  43              	.LVL1:
  44              		.loc 1 90 19 view .LVU4
  45 0006 C0F89422 		str	r2, [r0, #660]
  91:Middlewares/ST/STM32_USB_Device_Library/Core/Src/usbd_ioreq.c ****   pdev->ep_in[0].total_length = len;
  46              		.loc 1 91 3 is_stmt 1 view .LVU5
  47              		.loc 1 91 31 is_stmt 0 view .LVU6
  48 000a 4361     		str	r3, [r0, #20]
  92:Middlewares/ST/STM32_USB_Device_Library/Core/Src/usbd_ioreq.c ****   pdev->ep_in[0].pbuffer = pbuf;
  49              		.loc 1 92 3 is_stmt 1 view .LVU7
  50              		.loc 1 92 26 is_stmt 0 view .LVU8
  51 000c 4162     		str	r1, [r0, #36]
  93:Middlewares/ST/STM32_USB_Device_Library/Core/Src/usbd_ioreq.c **** 
  94:Middlewares/ST/STM32_USB_Device_Library/Core/Src/usbd_ioreq.c **** #ifdef USBD_AVOID_PACKET_SPLIT_MPS
  95:Middlewares/ST/STM32_USB_Device_Library/Core/Src/usbd_ioreq.c ****   pdev->ep_in[0].rem_length = 0U;
  96:Middlewares/ST/STM32_USB_Device_Library/Core/Src/usbd_ioreq.c **** #else
  97:Middlewares/ST/STM32_USB_Device_Library/Core/Src/usbd_ioreq.c ****   pdev->ep_in[0].rem_length = len;
  52              		.loc 1 97 3 is_stmt 1 view .LVU9
  53              		.loc 1 97 29 is_stmt 0 view .LVU10
  54 000e 8361     		str	r3, [r0, #24]
  98:Middlewares/ST/STM32_USB_Device_Library/Core/Src/usbd_ioreq.c **** #endif /* USBD_AVOID_PACKET_SPLIT_MPS */
  99:Middlewares/ST/STM32_USB_Device_Library/Core/Src/usbd_ioreq.c **** 
 100:Middlewares/ST/STM32_USB_Device_Library/Core/Src/usbd_ioreq.c ****   /* Start the transfer */
 101:Middlewares/ST/STM32_USB_Device_Library/Core/Src/usbd_ioreq.c ****   (void)USBD_LL_Transmit(pdev, 0x00U, pbuf, len);
  55              		.loc 1 101 3 is_stmt 1 view .LVU11
  56              		.loc 1 101 9 is_stmt 0 view .LVU12
  57 0010 0A46     		mov	r2, r1
  58 0012 0021     		movs	r1, #0
  59              	.LVL2:
  60              		.loc 1 101 9 view .LVU13
  61 0014 FFF7FEFF 		bl	USBD_LL_Transmit
  62              	.LVL3:
 102:Middlewares/ST/STM32_USB_Device_Library/Core/Src/usbd_ioreq.c **** 
 103:Middlewares/ST/STM32_USB_Device_Library/Core/Src/usbd_ioreq.c ****   return USBD_OK;
  63              		.loc 1 103 3 is_stmt 1 view .LVU14
 104:Middlewares/ST/STM32_USB_Device_Library/Core/Src/usbd_ioreq.c **** }
  64              		.loc 1 104 1 is_stmt 0 view .LVU15
  65 0018 0020     		movs	r0, #0
  66 001a 08BD     		pop	{r3, pc}
  67              		.cfi_endproc
  68              	.LFE138:
ARM GAS  /tmp/ccfbYlrj.s 			page 4


  70              		.section	.text.USBD_CtlContinueSendData,"ax",%progbits
  71              		.align	1
  72              		.global	USBD_CtlContinueSendData
  73              		.syntax unified
  74              		.thumb
  75              		.thumb_func
  77              	USBD_CtlContinueSendData:
  78              	.LVL4:
  79              	.LFB139:
 105:Middlewares/ST/STM32_USB_Device_Library/Core/Src/usbd_ioreq.c **** 
 106:Middlewares/ST/STM32_USB_Device_Library/Core/Src/usbd_ioreq.c **** /**
 107:Middlewares/ST/STM32_USB_Device_Library/Core/Src/usbd_ioreq.c ****   * @brief  USBD_CtlContinueSendData
 108:Middlewares/ST/STM32_USB_Device_Library/Core/Src/usbd_ioreq.c ****   *         continue sending data on the ctl pipe
 109:Middlewares/ST/STM32_USB_Device_Library/Core/Src/usbd_ioreq.c ****   * @param  pdev: device instance
 110:Middlewares/ST/STM32_USB_Device_Library/Core/Src/usbd_ioreq.c ****   * @param  buff: pointer to data buffer
 111:Middlewares/ST/STM32_USB_Device_Library/Core/Src/usbd_ioreq.c ****   * @param  len: length of data to be sent
 112:Middlewares/ST/STM32_USB_Device_Library/Core/Src/usbd_ioreq.c ****   * @retval status
 113:Middlewares/ST/STM32_USB_Device_Library/Core/Src/usbd_ioreq.c ****   */
 114:Middlewares/ST/STM32_USB_Device_Library/Core/Src/usbd_ioreq.c **** USBD_StatusTypeDef USBD_CtlContinueSendData(USBD_HandleTypeDef *pdev,
 115:Middlewares/ST/STM32_USB_Device_Library/Core/Src/usbd_ioreq.c ****                                             uint8_t *pbuf, uint32_t len)
 116:Middlewares/ST/STM32_USB_Device_Library/Core/Src/usbd_ioreq.c **** {
  80              		.loc 1 116 1 is_stmt 1 view -0
  81              		.cfi_startproc
  82              		@ args = 0, pretend = 0, frame = 0
  83              		@ frame_needed = 0, uses_anonymous_args = 0
  84              		.loc 1 116 1 is_stmt 0 view .LVU17
  85 0000 08B5     		push	{r3, lr}
  86              		.cfi_def_cfa_offset 8
  87              		.cfi_offset 3, -8
  88              		.cfi_offset 14, -4
  89 0002 1346     		mov	r3, r2
 117:Middlewares/ST/STM32_USB_Device_Library/Core/Src/usbd_ioreq.c ****   /* Start the next transfer */
 118:Middlewares/ST/STM32_USB_Device_Library/Core/Src/usbd_ioreq.c ****   (void)USBD_LL_Transmit(pdev, 0x00U, pbuf, len);
  90              		.loc 1 118 3 is_stmt 1 view .LVU18
  91              		.loc 1 118 9 is_stmt 0 view .LVU19
  92 0004 0A46     		mov	r2, r1
  93              	.LVL5:
  94              		.loc 1 118 9 view .LVU20
  95 0006 0021     		movs	r1, #0
  96              	.LVL6:
  97              		.loc 1 118 9 view .LVU21
  98 0008 FFF7FEFF 		bl	USBD_LL_Transmit
  99              	.LVL7:
 119:Middlewares/ST/STM32_USB_Device_Library/Core/Src/usbd_ioreq.c **** 
 120:Middlewares/ST/STM32_USB_Device_Library/Core/Src/usbd_ioreq.c ****   return USBD_OK;
 100              		.loc 1 120 3 is_stmt 1 view .LVU22
 121:Middlewares/ST/STM32_USB_Device_Library/Core/Src/usbd_ioreq.c **** }
 101              		.loc 1 121 1 is_stmt 0 view .LVU23
 102 000c 0020     		movs	r0, #0
 103 000e 08BD     		pop	{r3, pc}
 104              		.cfi_endproc
 105              	.LFE139:
 107              		.section	.text.USBD_CtlPrepareRx,"ax",%progbits
 108              		.align	1
 109              		.global	USBD_CtlPrepareRx
 110              		.syntax unified
 111              		.thumb
ARM GAS  /tmp/ccfbYlrj.s 			page 5


 112              		.thumb_func
 114              	USBD_CtlPrepareRx:
 115              	.LVL8:
 116              	.LFB140:
 122:Middlewares/ST/STM32_USB_Device_Library/Core/Src/usbd_ioreq.c **** 
 123:Middlewares/ST/STM32_USB_Device_Library/Core/Src/usbd_ioreq.c **** /**
 124:Middlewares/ST/STM32_USB_Device_Library/Core/Src/usbd_ioreq.c ****   * @brief  USBD_CtlPrepareRx
 125:Middlewares/ST/STM32_USB_Device_Library/Core/Src/usbd_ioreq.c ****   *         receive data on the ctl pipe
 126:Middlewares/ST/STM32_USB_Device_Library/Core/Src/usbd_ioreq.c ****   * @param  pdev: device instance
 127:Middlewares/ST/STM32_USB_Device_Library/Core/Src/usbd_ioreq.c ****   * @param  buff: pointer to data buffer
 128:Middlewares/ST/STM32_USB_Device_Library/Core/Src/usbd_ioreq.c ****   * @param  len: length of data to be received
 129:Middlewares/ST/STM32_USB_Device_Library/Core/Src/usbd_ioreq.c ****   * @retval status
 130:Middlewares/ST/STM32_USB_Device_Library/Core/Src/usbd_ioreq.c ****   */
 131:Middlewares/ST/STM32_USB_Device_Library/Core/Src/usbd_ioreq.c **** USBD_StatusTypeDef USBD_CtlPrepareRx(USBD_HandleTypeDef *pdev,
 132:Middlewares/ST/STM32_USB_Device_Library/Core/Src/usbd_ioreq.c ****                                      uint8_t *pbuf, uint32_t len)
 133:Middlewares/ST/STM32_USB_Device_Library/Core/Src/usbd_ioreq.c **** {
 117              		.loc 1 133 1 is_stmt 1 view -0
 118              		.cfi_startproc
 119              		@ args = 0, pretend = 0, frame = 0
 120              		@ frame_needed = 0, uses_anonymous_args = 0
 121              		.loc 1 133 1 is_stmt 0 view .LVU25
 122 0000 08B5     		push	{r3, lr}
 123              		.cfi_def_cfa_offset 8
 124              		.cfi_offset 3, -8
 125              		.cfi_offset 14, -4
 126 0002 1346     		mov	r3, r2
 134:Middlewares/ST/STM32_USB_Device_Library/Core/Src/usbd_ioreq.c ****   /* Set EP0 State */
 135:Middlewares/ST/STM32_USB_Device_Library/Core/Src/usbd_ioreq.c ****   pdev->ep0_state = USBD_EP0_DATA_OUT;
 127              		.loc 1 135 3 is_stmt 1 view .LVU26
 128              		.loc 1 135 19 is_stmt 0 view .LVU27
 129 0004 0322     		movs	r2, #3
 130              	.LVL9:
 131              		.loc 1 135 19 view .LVU28
 132 0006 C0F89422 		str	r2, [r0, #660]
 136:Middlewares/ST/STM32_USB_Device_Library/Core/Src/usbd_ioreq.c ****   pdev->ep_out[0].total_length = len;
 133              		.loc 1 136 3 is_stmt 1 view .LVU29
 134              		.loc 1 136 32 is_stmt 0 view .LVU30
 135 000a C0F85431 		str	r3, [r0, #340]
 137:Middlewares/ST/STM32_USB_Device_Library/Core/Src/usbd_ioreq.c ****   pdev->ep_out[0].pbuffer = pbuf;
 136              		.loc 1 137 3 is_stmt 1 view .LVU31
 137              		.loc 1 137 27 is_stmt 0 view .LVU32
 138 000e C0F86411 		str	r1, [r0, #356]
 138:Middlewares/ST/STM32_USB_Device_Library/Core/Src/usbd_ioreq.c **** 
 139:Middlewares/ST/STM32_USB_Device_Library/Core/Src/usbd_ioreq.c **** #ifdef USBD_AVOID_PACKET_SPLIT_MPS
 140:Middlewares/ST/STM32_USB_Device_Library/Core/Src/usbd_ioreq.c ****   pdev->ep_out[0].rem_length = 0U;
 141:Middlewares/ST/STM32_USB_Device_Library/Core/Src/usbd_ioreq.c **** #else
 142:Middlewares/ST/STM32_USB_Device_Library/Core/Src/usbd_ioreq.c ****   pdev->ep_out[0].rem_length = len;
 139              		.loc 1 142 3 is_stmt 1 view .LVU33
 140              		.loc 1 142 30 is_stmt 0 view .LVU34
 141 0012 C0F85831 		str	r3, [r0, #344]
 143:Middlewares/ST/STM32_USB_Device_Library/Core/Src/usbd_ioreq.c **** #endif /* USBD_AVOID_PACKET_SPLIT_MPS */
 144:Middlewares/ST/STM32_USB_Device_Library/Core/Src/usbd_ioreq.c **** 
 145:Middlewares/ST/STM32_USB_Device_Library/Core/Src/usbd_ioreq.c ****   /* Start the transfer */
 146:Middlewares/ST/STM32_USB_Device_Library/Core/Src/usbd_ioreq.c ****   (void)USBD_LL_PrepareReceive(pdev, 0U, pbuf, len);
 142              		.loc 1 146 3 is_stmt 1 view .LVU35
 143              		.loc 1 146 9 is_stmt 0 view .LVU36
 144 0016 0A46     		mov	r2, r1
ARM GAS  /tmp/ccfbYlrj.s 			page 6


 145 0018 0021     		movs	r1, #0
 146              	.LVL10:
 147              		.loc 1 146 9 view .LVU37
 148 001a FFF7FEFF 		bl	USBD_LL_PrepareReceive
 149              	.LVL11:
 147:Middlewares/ST/STM32_USB_Device_Library/Core/Src/usbd_ioreq.c **** 
 148:Middlewares/ST/STM32_USB_Device_Library/Core/Src/usbd_ioreq.c ****   return USBD_OK;
 150              		.loc 1 148 3 is_stmt 1 view .LVU38
 149:Middlewares/ST/STM32_USB_Device_Library/Core/Src/usbd_ioreq.c **** }
 151              		.loc 1 149 1 is_stmt 0 view .LVU39
 152 001e 0020     		movs	r0, #0
 153 0020 08BD     		pop	{r3, pc}
 154              		.cfi_endproc
 155              	.LFE140:
 157              		.section	.text.USBD_CtlContinueRx,"ax",%progbits
 158              		.align	1
 159              		.global	USBD_CtlContinueRx
 160              		.syntax unified
 161              		.thumb
 162              		.thumb_func
 164              	USBD_CtlContinueRx:
 165              	.LVL12:
 166              	.LFB141:
 150:Middlewares/ST/STM32_USB_Device_Library/Core/Src/usbd_ioreq.c **** 
 151:Middlewares/ST/STM32_USB_Device_Library/Core/Src/usbd_ioreq.c **** /**
 152:Middlewares/ST/STM32_USB_Device_Library/Core/Src/usbd_ioreq.c ****   * @brief  USBD_CtlContinueRx
 153:Middlewares/ST/STM32_USB_Device_Library/Core/Src/usbd_ioreq.c ****   *         continue receive data on the ctl pipe
 154:Middlewares/ST/STM32_USB_Device_Library/Core/Src/usbd_ioreq.c ****   * @param  pdev: device instance
 155:Middlewares/ST/STM32_USB_Device_Library/Core/Src/usbd_ioreq.c ****   * @param  buff: pointer to data buffer
 156:Middlewares/ST/STM32_USB_Device_Library/Core/Src/usbd_ioreq.c ****   * @param  len: length of data to be received
 157:Middlewares/ST/STM32_USB_Device_Library/Core/Src/usbd_ioreq.c ****   * @retval status
 158:Middlewares/ST/STM32_USB_Device_Library/Core/Src/usbd_ioreq.c ****   */
 159:Middlewares/ST/STM32_USB_Device_Library/Core/Src/usbd_ioreq.c **** USBD_StatusTypeDef USBD_CtlContinueRx(USBD_HandleTypeDef *pdev,
 160:Middlewares/ST/STM32_USB_Device_Library/Core/Src/usbd_ioreq.c ****                                       uint8_t *pbuf, uint32_t len)
 161:Middlewares/ST/STM32_USB_Device_Library/Core/Src/usbd_ioreq.c **** {
 167              		.loc 1 161 1 is_stmt 1 view -0
 168              		.cfi_startproc
 169              		@ args = 0, pretend = 0, frame = 0
 170              		@ frame_needed = 0, uses_anonymous_args = 0
 171              		.loc 1 161 1 is_stmt 0 view .LVU41
 172 0000 08B5     		push	{r3, lr}
 173              		.cfi_def_cfa_offset 8
 174              		.cfi_offset 3, -8
 175              		.cfi_offset 14, -4
 176 0002 1346     		mov	r3, r2
 162:Middlewares/ST/STM32_USB_Device_Library/Core/Src/usbd_ioreq.c ****   (void)USBD_LL_PrepareReceive(pdev, 0U, pbuf, len);
 177              		.loc 1 162 3 is_stmt 1 view .LVU42
 178              		.loc 1 162 9 is_stmt 0 view .LVU43
 179 0004 0A46     		mov	r2, r1
 180              	.LVL13:
 181              		.loc 1 162 9 view .LVU44
 182 0006 0021     		movs	r1, #0
 183              	.LVL14:
 184              		.loc 1 162 9 view .LVU45
 185 0008 FFF7FEFF 		bl	USBD_LL_PrepareReceive
 186              	.LVL15:
 163:Middlewares/ST/STM32_USB_Device_Library/Core/Src/usbd_ioreq.c **** 
ARM GAS  /tmp/ccfbYlrj.s 			page 7


 164:Middlewares/ST/STM32_USB_Device_Library/Core/Src/usbd_ioreq.c ****   return USBD_OK;
 187              		.loc 1 164 3 is_stmt 1 view .LVU46
 165:Middlewares/ST/STM32_USB_Device_Library/Core/Src/usbd_ioreq.c **** }
 188              		.loc 1 165 1 is_stmt 0 view .LVU47
 189 000c 0020     		movs	r0, #0
 190 000e 08BD     		pop	{r3, pc}
 191              		.cfi_endproc
 192              	.LFE141:
 194              		.section	.text.USBD_CtlSendStatus,"ax",%progbits
 195              		.align	1
 196              		.global	USBD_CtlSendStatus
 197              		.syntax unified
 198              		.thumb
 199              		.thumb_func
 201              	USBD_CtlSendStatus:
 202              	.LVL16:
 203              	.LFB142:
 166:Middlewares/ST/STM32_USB_Device_Library/Core/Src/usbd_ioreq.c **** 
 167:Middlewares/ST/STM32_USB_Device_Library/Core/Src/usbd_ioreq.c **** /**
 168:Middlewares/ST/STM32_USB_Device_Library/Core/Src/usbd_ioreq.c ****   * @brief  USBD_CtlSendStatus
 169:Middlewares/ST/STM32_USB_Device_Library/Core/Src/usbd_ioreq.c ****   *         send zero lzngth packet on the ctl pipe
 170:Middlewares/ST/STM32_USB_Device_Library/Core/Src/usbd_ioreq.c ****   * @param  pdev: device instance
 171:Middlewares/ST/STM32_USB_Device_Library/Core/Src/usbd_ioreq.c ****   * @retval status
 172:Middlewares/ST/STM32_USB_Device_Library/Core/Src/usbd_ioreq.c ****   */
 173:Middlewares/ST/STM32_USB_Device_Library/Core/Src/usbd_ioreq.c **** USBD_StatusTypeDef USBD_CtlSendStatus(USBD_HandleTypeDef *pdev)
 174:Middlewares/ST/STM32_USB_Device_Library/Core/Src/usbd_ioreq.c **** {
 204              		.loc 1 174 1 is_stmt 1 view -0
 205              		.cfi_startproc
 206              		@ args = 0, pretend = 0, frame = 0
 207              		@ frame_needed = 0, uses_anonymous_args = 0
 208              		.loc 1 174 1 is_stmt 0 view .LVU49
 209 0000 08B5     		push	{r3, lr}
 210              		.cfi_def_cfa_offset 8
 211              		.cfi_offset 3, -8
 212              		.cfi_offset 14, -4
 175:Middlewares/ST/STM32_USB_Device_Library/Core/Src/usbd_ioreq.c ****   /* Set EP0 State */
 176:Middlewares/ST/STM32_USB_Device_Library/Core/Src/usbd_ioreq.c ****   pdev->ep0_state = USBD_EP0_STATUS_IN;
 213              		.loc 1 176 3 is_stmt 1 view .LVU50
 214              		.loc 1 176 19 is_stmt 0 view .LVU51
 215 0002 0422     		movs	r2, #4
 216 0004 C0F89422 		str	r2, [r0, #660]
 177:Middlewares/ST/STM32_USB_Device_Library/Core/Src/usbd_ioreq.c **** 
 178:Middlewares/ST/STM32_USB_Device_Library/Core/Src/usbd_ioreq.c ****   /* Start the transfer */
 179:Middlewares/ST/STM32_USB_Device_Library/Core/Src/usbd_ioreq.c ****   (void)USBD_LL_Transmit(pdev, 0x00U, NULL, 0U);
 217              		.loc 1 179 3 is_stmt 1 view .LVU52
 218              		.loc 1 179 9 is_stmt 0 view .LVU53
 219 0008 0023     		movs	r3, #0
 220 000a 1A46     		mov	r2, r3
 221 000c 1946     		mov	r1, r3
 222 000e FFF7FEFF 		bl	USBD_LL_Transmit
 223              	.LVL17:
 180:Middlewares/ST/STM32_USB_Device_Library/Core/Src/usbd_ioreq.c **** 
 181:Middlewares/ST/STM32_USB_Device_Library/Core/Src/usbd_ioreq.c ****   return USBD_OK;
 224              		.loc 1 181 3 is_stmt 1 view .LVU54
 182:Middlewares/ST/STM32_USB_Device_Library/Core/Src/usbd_ioreq.c **** }
 225              		.loc 1 182 1 is_stmt 0 view .LVU55
 226 0012 0020     		movs	r0, #0
ARM GAS  /tmp/ccfbYlrj.s 			page 8


 227 0014 08BD     		pop	{r3, pc}
 228              		.cfi_endproc
 229              	.LFE142:
 231              		.section	.text.USBD_CtlReceiveStatus,"ax",%progbits
 232              		.align	1
 233              		.global	USBD_CtlReceiveStatus
 234              		.syntax unified
 235              		.thumb
 236              		.thumb_func
 238              	USBD_CtlReceiveStatus:
 239              	.LVL18:
 240              	.LFB143:
 183:Middlewares/ST/STM32_USB_Device_Library/Core/Src/usbd_ioreq.c **** 
 184:Middlewares/ST/STM32_USB_Device_Library/Core/Src/usbd_ioreq.c **** /**
 185:Middlewares/ST/STM32_USB_Device_Library/Core/Src/usbd_ioreq.c ****   * @brief  USBD_CtlReceiveStatus
 186:Middlewares/ST/STM32_USB_Device_Library/Core/Src/usbd_ioreq.c ****   *         receive zero lzngth packet on the ctl pipe
 187:Middlewares/ST/STM32_USB_Device_Library/Core/Src/usbd_ioreq.c ****   * @param  pdev: device instance
 188:Middlewares/ST/STM32_USB_Device_Library/Core/Src/usbd_ioreq.c ****   * @retval status
 189:Middlewares/ST/STM32_USB_Device_Library/Core/Src/usbd_ioreq.c ****   */
 190:Middlewares/ST/STM32_USB_Device_Library/Core/Src/usbd_ioreq.c **** USBD_StatusTypeDef USBD_CtlReceiveStatus(USBD_HandleTypeDef *pdev)
 191:Middlewares/ST/STM32_USB_Device_Library/Core/Src/usbd_ioreq.c **** {
 241              		.loc 1 191 1 is_stmt 1 view -0
 242              		.cfi_startproc
 243              		@ args = 0, pretend = 0, frame = 0
 244              		@ frame_needed = 0, uses_anonymous_args = 0
 245              		.loc 1 191 1 is_stmt 0 view .LVU57
 246 0000 08B5     		push	{r3, lr}
 247              		.cfi_def_cfa_offset 8
 248              		.cfi_offset 3, -8
 249              		.cfi_offset 14, -4
 192:Middlewares/ST/STM32_USB_Device_Library/Core/Src/usbd_ioreq.c ****   /* Set EP0 State */
 193:Middlewares/ST/STM32_USB_Device_Library/Core/Src/usbd_ioreq.c ****   pdev->ep0_state = USBD_EP0_STATUS_OUT;
 250              		.loc 1 193 3 is_stmt 1 view .LVU58
 251              		.loc 1 193 19 is_stmt 0 view .LVU59
 252 0002 0522     		movs	r2, #5
 253 0004 C0F89422 		str	r2, [r0, #660]
 194:Middlewares/ST/STM32_USB_Device_Library/Core/Src/usbd_ioreq.c **** 
 195:Middlewares/ST/STM32_USB_Device_Library/Core/Src/usbd_ioreq.c ****   /* Start the transfer */
 196:Middlewares/ST/STM32_USB_Device_Library/Core/Src/usbd_ioreq.c ****   (void)USBD_LL_PrepareReceive(pdev, 0U, NULL, 0U);
 254              		.loc 1 196 3 is_stmt 1 view .LVU60
 255              		.loc 1 196 9 is_stmt 0 view .LVU61
 256 0008 0023     		movs	r3, #0
 257 000a 1A46     		mov	r2, r3
 258 000c 1946     		mov	r1, r3
 259 000e FFF7FEFF 		bl	USBD_LL_PrepareReceive
 260              	.LVL19:
 197:Middlewares/ST/STM32_USB_Device_Library/Core/Src/usbd_ioreq.c **** 
 198:Middlewares/ST/STM32_USB_Device_Library/Core/Src/usbd_ioreq.c ****   return USBD_OK;
 261              		.loc 1 198 3 is_stmt 1 view .LVU62
 199:Middlewares/ST/STM32_USB_Device_Library/Core/Src/usbd_ioreq.c **** }
 262              		.loc 1 199 1 is_stmt 0 view .LVU63
 263 0012 0020     		movs	r0, #0
 264 0014 08BD     		pop	{r3, pc}
 265              		.cfi_endproc
 266              	.LFE143:
 268              		.section	.text.USBD_GetRxCount,"ax",%progbits
 269              		.align	1
ARM GAS  /tmp/ccfbYlrj.s 			page 9


 270              		.global	USBD_GetRxCount
 271              		.syntax unified
 272              		.thumb
 273              		.thumb_func
 275              	USBD_GetRxCount:
 276              	.LVL20:
 277              	.LFB144:
 200:Middlewares/ST/STM32_USB_Device_Library/Core/Src/usbd_ioreq.c **** 
 201:Middlewares/ST/STM32_USB_Device_Library/Core/Src/usbd_ioreq.c **** /**
 202:Middlewares/ST/STM32_USB_Device_Library/Core/Src/usbd_ioreq.c ****   * @brief  USBD_GetRxCount
 203:Middlewares/ST/STM32_USB_Device_Library/Core/Src/usbd_ioreq.c ****   *         returns the received data length
 204:Middlewares/ST/STM32_USB_Device_Library/Core/Src/usbd_ioreq.c ****   * @param  pdev: device instance
 205:Middlewares/ST/STM32_USB_Device_Library/Core/Src/usbd_ioreq.c ****   * @param  ep_addr: endpoint address
 206:Middlewares/ST/STM32_USB_Device_Library/Core/Src/usbd_ioreq.c ****   * @retval Rx Data blength
 207:Middlewares/ST/STM32_USB_Device_Library/Core/Src/usbd_ioreq.c ****   */
 208:Middlewares/ST/STM32_USB_Device_Library/Core/Src/usbd_ioreq.c **** uint32_t USBD_GetRxCount(USBD_HandleTypeDef *pdev, uint8_t ep_addr)
 209:Middlewares/ST/STM32_USB_Device_Library/Core/Src/usbd_ioreq.c **** {
 278              		.loc 1 209 1 is_stmt 1 view -0
 279              		.cfi_startproc
 280              		@ args = 0, pretend = 0, frame = 0
 281              		@ frame_needed = 0, uses_anonymous_args = 0
 282              		.loc 1 209 1 is_stmt 0 view .LVU65
 283 0000 08B5     		push	{r3, lr}
 284              		.cfi_def_cfa_offset 8
 285              		.cfi_offset 3, -8
 286              		.cfi_offset 14, -4
 210:Middlewares/ST/STM32_USB_Device_Library/Core/Src/usbd_ioreq.c ****   return USBD_LL_GetRxDataSize(pdev, ep_addr);
 287              		.loc 1 210 3 is_stmt 1 view .LVU66
 288              		.loc 1 210 10 is_stmt 0 view .LVU67
 289 0002 FFF7FEFF 		bl	USBD_LL_GetRxDataSize
 290              	.LVL21:
 211:Middlewares/ST/STM32_USB_Device_Library/Core/Src/usbd_ioreq.c **** }
 291              		.loc 1 211 1 view .LVU68
 292 0006 08BD     		pop	{r3, pc}
 293              		.cfi_endproc
 294              	.LFE144:
 296              		.text
 297              	.Letext0:
 298              		.file 2 "/usr/lib/gcc/arm-none-eabi/13.2.1/include/stdint.h"
 299              		.file 3 "Middlewares/ST/STM32_USB_Device_Library/Core/Inc/usbd_def.h"
 300              		.file 4 "Middlewares/ST/STM32_USB_Device_Library/Core/Inc/usbd_core.h"
ARM GAS  /tmp/ccfbYlrj.s 			page 10


DEFINED SYMBOLS
                            *ABS*:00000000 usbd_ioreq.c
     /tmp/ccfbYlrj.s:21     .text.USBD_CtlSendData:00000000 $t
     /tmp/ccfbYlrj.s:27     .text.USBD_CtlSendData:00000000 USBD_CtlSendData
     /tmp/ccfbYlrj.s:71     .text.USBD_CtlContinueSendData:00000000 $t
     /tmp/ccfbYlrj.s:77     .text.USBD_CtlContinueSendData:00000000 USBD_CtlContinueSendData
     /tmp/ccfbYlrj.s:108    .text.USBD_CtlPrepareRx:00000000 $t
     /tmp/ccfbYlrj.s:114    .text.USBD_CtlPrepareRx:00000000 USBD_CtlPrepareRx
     /tmp/ccfbYlrj.s:158    .text.USBD_CtlContinueRx:00000000 $t
     /tmp/ccfbYlrj.s:164    .text.USBD_CtlContinueRx:00000000 USBD_CtlContinueRx
     /tmp/ccfbYlrj.s:195    .text.USBD_CtlSendStatus:00000000 $t
     /tmp/ccfbYlrj.s:201    .text.USBD_CtlSendStatus:00000000 USBD_CtlSendStatus
     /tmp/ccfbYlrj.s:232    .text.USBD_CtlReceiveStatus:00000000 $t
     /tmp/ccfbYlrj.s:238    .text.USBD_CtlReceiveStatus:00000000 USBD_CtlReceiveStatus
     /tmp/ccfbYlrj.s:269    .text.USBD_GetRxCount:00000000 $t
     /tmp/ccfbYlrj.s:275    .text.USBD_GetRxCount:00000000 USBD_GetRxCount

UNDEFINED SYMBOLS
USBD_LL_Transmit
USBD_LL_PrepareReceive
USBD_LL_GetRxDataSize
