Archive member included to satisfy reference by file (symbol)

/usr/lib/gcc/arm-none-eabi/13.2.1/../../../arm-none-eabi/lib/thumb/v7e-m+fp/hard/libc_nano.a(libc_a-init.o)
                              /usr/lib/gcc/arm-none-eabi/13.2.1/../../../arm-none-eabi/lib/thumb/v7e-m+fp/hard/crt0.o (__libc_init_array)
/usr/lib/gcc/arm-none-eabi/13.2.1/../../../arm-none-eabi/lib/thumb/v7e-m+fp/hard/libc_nano.a(libc_a-memset.o)
                              /usr/lib/gcc/arm-none-eabi/13.2.1/../../../arm-none-eabi/lib/thumb/v7e-m+fp/hard/crt0.o (memset)
/usr/lib/gcc/arm-none-eabi/13.2.1/../../../arm-none-eabi/lib/thumb/v7e-m+fp/hard/libc_nano.a(libc_a-errno.o)
                              build/debug/syscalls.o (__errno)
/usr/lib/gcc/arm-none-eabi/13.2.1/../../../arm-none-eabi/lib/thumb/v7e-m+fp/hard/libc_nano.a(libc_a-exit.o)
                              /usr/lib/gcc/arm-none-eabi/13.2.1/../../../arm-none-eabi/lib/thumb/v7e-m+fp/hard/crt0.o (exit)
/usr/lib/gcc/arm-none-eabi/13.2.1/../../../arm-none-eabi/lib/thumb/v7e-m+fp/hard/libc_nano.a(libc_a-atexit.o)
                              /usr/lib/gcc/arm-none-eabi/13.2.1/../../../arm-none-eabi/lib/thumb/v7e-m+fp/hard/crt0.o (atexit)
/usr/lib/gcc/arm-none-eabi/13.2.1/../../../arm-none-eabi/lib/thumb/v7e-m+fp/hard/libc_nano.a(libc_a-fini.o)
                              /usr/lib/gcc/arm-none-eabi/13.2.1/../../../arm-none-eabi/lib/thumb/v7e-m+fp/hard/crt0.o (__libc_fini_array)
/usr/lib/gcc/arm-none-eabi/13.2.1/../../../arm-none-eabi/lib/thumb/v7e-m+fp/hard/libc_nano.a(libc_a-impure.o)
                              /usr/lib/gcc/arm-none-eabi/13.2.1/../../../arm-none-eabi/lib/thumb/v7e-m+fp/hard/libc_nano.a(libc_a-errno.o) (_impure_ptr)
/usr/lib/gcc/arm-none-eabi/13.2.1/../../../arm-none-eabi/lib/thumb/v7e-m+fp/hard/libc_nano.a(libc_a-findfp.o)
                              /usr/lib/gcc/arm-none-eabi/13.2.1/../../../arm-none-eabi/lib/thumb/v7e-m+fp/hard/libc_nano.a(libc_a-exit.o) (__stdio_exit_handler)
/usr/lib/gcc/arm-none-eabi/13.2.1/../../../arm-none-eabi/lib/thumb/v7e-m+fp/hard/libc_nano.a(libc_a-fflush.o)
                              /usr/lib/gcc/arm-none-eabi/13.2.1/../../../arm-none-eabi/lib/thumb/v7e-m+fp/hard/libc_nano.a(libc_a-findfp.o) (_fflush_r)
/usr/lib/gcc/arm-none-eabi/13.2.1/../../../arm-none-eabi/lib/thumb/v7e-m+fp/hard/libc_nano.a(libc_a-mallocr.o)
                              /usr/lib/gcc/arm-none-eabi/13.2.1/../../../arm-none-eabi/lib/thumb/v7e-m+fp/hard/libc_nano.a(libc_a-findfp.o) (_malloc_r)
/usr/lib/gcc/arm-none-eabi/13.2.1/../../../arm-none-eabi/lib/thumb/v7e-m+fp/hard/libc_nano.a(libc_a-freer.o)
                              /usr/lib/gcc/arm-none-eabi/13.2.1/../../../arm-none-eabi/lib/thumb/v7e-m+fp/hard/libc_nano.a(libc_a-fflush.o) (_free_r)
/usr/lib/gcc/arm-none-eabi/13.2.1/../../../arm-none-eabi/lib/thumb/v7e-m+fp/hard/libc_nano.a(libc_a-fwalk.o)
                              /usr/lib/gcc/arm-none-eabi/13.2.1/../../../arm-none-eabi/lib/thumb/v7e-m+fp/hard/libc_nano.a(libc_a-findfp.o) (_fwalk_sglue)
/usr/lib/gcc/arm-none-eabi/13.2.1/../../../arm-none-eabi/lib/thumb/v7e-m+fp/hard/libc_nano.a(libc_a-__atexit.o)
                              /usr/lib/gcc/arm-none-eabi/13.2.1/../../../arm-none-eabi/lib/thumb/v7e-m+fp/hard/libc_nano.a(libc_a-atexit.o) (__register_exitproc)
/usr/lib/gcc/arm-none-eabi/13.2.1/../../../arm-none-eabi/lib/thumb/v7e-m+fp/hard/libc_nano.a(libc_a-mlock.o)
                              /usr/lib/gcc/arm-none-eabi/13.2.1/../../../arm-none-eabi/lib/thumb/v7e-m+fp/hard/libc_nano.a(libc_a-mallocr.o) (__malloc_lock)
/usr/lib/gcc/arm-none-eabi/13.2.1/../../../arm-none-eabi/lib/thumb/v7e-m+fp/hard/libc_nano.a(libc_a-sbrkr.o)
                              /usr/lib/gcc/arm-none-eabi/13.2.1/../../../arm-none-eabi/lib/thumb/v7e-m+fp/hard/libc_nano.a(libc_a-mallocr.o) (_sbrk_r)
/usr/lib/gcc/arm-none-eabi/13.2.1/../../../arm-none-eabi/lib/thumb/v7e-m+fp/hard/libc_nano.a(libc_a-stdio.o)
                              /usr/lib/gcc/arm-none-eabi/13.2.1/../../../arm-none-eabi/lib/thumb/v7e-m+fp/hard/libc_nano.a(libc_a-findfp.o) (__sread)
/usr/lib/gcc/arm-none-eabi/13.2.1/../../../arm-none-eabi/lib/thumb/v7e-m+fp/hard/libc_nano.a(libc_a-closer.o)
                              /usr/lib/gcc/arm-none-eabi/13.2.1/../../../arm-none-eabi/lib/thumb/v7e-m+fp/hard/libc_nano.a(libc_a-stdio.o) (_close_r)
/usr/lib/gcc/arm-none-eabi/13.2.1/../../../arm-none-eabi/lib/thumb/v7e-m+fp/hard/libc_nano.a(libc_a-__call_atexit.o)
                              /usr/lib/gcc/arm-none-eabi/13.2.1/../../../arm-none-eabi/lib/thumb/v7e-m+fp/hard/libc_nano.a(libc_a-__atexit.o) (__call_exitprocs)
/usr/lib/gcc/arm-none-eabi/13.2.1/../../../arm-none-eabi/lib/thumb/v7e-m+fp/hard/libc_nano.a(libc_a-readr.o)
                              /usr/lib/gcc/arm-none-eabi/13.2.1/../../../arm-none-eabi/lib/thumb/v7e-m+fp/hard/libc_nano.a(libc_a-stdio.o) (_read_r)
/usr/lib/gcc/arm-none-eabi/13.2.1/../../../arm-none-eabi/lib/thumb/v7e-m+fp/hard/libc_nano.a(libc_a-reent.o)
[...]
Memory Configuration

Name             Origin             Length             Attributes
RAM              0x20000000         0x00020000         xrw
CCMRAM           0x10000000         0x00010000         xrw
FLASH            0x08000000         0x00100000         xr
*default*        0x00000000         0xffffffff

Linker script and memory map

LOAD /usr/lib/gcc/arm-none-eabi/13.2.1/thumb/v7e-m+fp/hard/crti.o
LOAD /usr/lib/gcc/arm-none-eabi/13.2.1/thumb/v7e-m+fp/hard/crtbegin.o
LOAD /usr/lib/gcc/arm-none-eabi/13.2.1/../../../arm-none-eabi/lib/thumb/v7e-m+fp/hard/crt0.o
LOAD build/debug/gpio.o
LOAD build/debug/i2c.o
LOAD build/debug/main.o
LOAD build/debug/spi.o
LOAD build/debug/stm32f4xx_hal.o
LOAD build/debug/stm32f4xx_hal_cortex.o
LOAD build/debug/stm32f4xx_hal_dma.o
LOAD build/debug/stm32f4xx_hal_dma_ex.o
LOAD build/debug/stm32f4xx_hal_exti.o
LOAD build/debug/stm32f4xx_hal_flash.o
LOAD build/debug/stm32f4xx_hal_flash_ex.o
LOAD build/debug/stm32f4xx_hal_flash_ramfunc.o
LOAD build/debug/stm32f4xx_hal_gpio.o
LOAD build/debug/stm32f4xx_hal_i2c.o
LOAD build/debug/stm32f4xx_hal_i2c_ex.o
LOAD build/debug/stm32f4xx_hal_msp.o
LOAD build/debug/stm32f4xx_hal_pcd.o
LOAD build/debug/stm32f4xx_hal_pcd_ex.o
LOAD build/debug/stm32f4xx_hal_pwr.o
LOAD build/debug/stm32f4xx_hal_pwr_ex.o
LOAD build/debug/stm32f4xx_hal_rcc.o
LOAD build/debug/stm32f4xx_hal_rcc_ex.o
LOAD build/debug/stm32f4xx_hal_spi.o
LOAD build/debug/stm32f4xx_hal_uart.o
LOAD build/debug/stm32f4xx_it.o
LOAD build/debug/stm32f4xx_ll_usb.o
LOAD build/debug/syscalls.o
LOAD build/debug/sysmem.o
LOAD build/debug/system_stm32f4xx.o
LOAD build/debug/usart.o
LOAD build/debug/usb_device.o
LOAD build/debug/usbd_cdc.o
LOAD build/debug/usbd_cdc_if.o
LOAD build/debug/usbd_conf.o
LOAD build/debug/usbd_core.o
LOAD build/debug/usbd_ctlreq.o
LOAD build/debug/usbd_desc.o
LOAD build/debug/usbd_ioreq.o
LOAD build/debug/startup_stm32f405xx.o
LOAD /usr/lib/gcc/arm-none-eabi/13.2.1/../../../arm-none-eabi/lib/thumb/v7e-m+fp/hard/libc_nano.a
LOAD /usr/lib/gcc/arm-none-eabi/13.2.1/../../../arm-none-eabi/lib/thumb/v7e-m+fp/hard/libm.a
LOAD /usr/lib/gcc/arm-none-eabi/13.2.1/../../../arm-none-eabi/lib/thumb/v7e-m+fp/hard/libnosys.a
START GROUP
LOAD /usr/lib/gcc/arm-none-eabi/13.2.1/thumb/v7e-m+fp/hard/libgcc.a
LOAD /usr/lib/gcc/arm-none-eabi/13.2.1/../../../arm-none-eabi/lib/thumb/v7e-m+fp/hard/libc_nano.a
END GROUP
START GROUP
LOAD /usr/lib/gcc/arm-none-eabi/13.2.1/thumb/v7e-m+fp/hard/libgcc.a
LOAD /usr/lib/gcc/arm-none-eabi/13.2.1/../../../arm-none-eabi/lib/thumb/v7e-m+fp/hard/libc_nano.a
END GROUP
LOAD /usr/lib/gcc/arm-none-eabi/13.2.1/thumb/v7e-m+fp/hard/crtend.o
LOAD /usr/lib/gcc/arm-none-eabi/13.2.1/thumb/v7e-m+fp/hard/crtn.o
                0x20020000                        _estack = (ORIGIN (RAM) + LENGTH (RAM))
                0x00000200                        _Min_Heap_Size = 0x200
                0x00000400                        _Min_Stack_Size = 0x400

.isr_vector     0x08000000      0x188
                0x08000000                        . = ALIGN (0x4)
 *(.isr_vector)
 .isr_vector    0x08000000      0x188 build/debug/startup_stm32f405xx.o
                0x08000000                g_pfnVectors
                0x08000188                        . = ALIGN (0x4)

.text           0x08000188     0x4628
                0x08000188                        . = ALIGN (0x4)
 *(.text)
 .text          0x08000188       0x88 /usr/lib/gcc/arm-none-eabi/13.2.1/thumb/v7e-m+fp/hard/crtbegin.o
 .text          0x08000210       0x50 /usr/lib/gcc/arm-none-eabi/13.2.1/../../../arm-none-eabi/lib/thumb/v7e-m+fp/hard/libc_nano.a(libc_a-init.o)
                0x08000210                __libc_init_array
 .text          0x08000260       0xa4 /usr/lib/gcc/arm-none-eabi/13.2.1/../../../arm-none-eabi/lib/thumb/v7e-m+fp/hard/libc_nano.a(libc_a-memset.o)
                0x08000260                memset
 .text          0x08000304       0x30 /usr/lib/gcc/arm-none-eabi/13.2.1/thumb/v7e-m+fp/hard/libgcc.a(_aeabi_uldivmod.o)
                0x08000304                __aeabi_uldivmod
 .text          0x08000334      0x2bc /usr/lib/gcc/arm-none-eabi/13.2.1/thumb/v7e-m+fp/hard/libgcc.a(_udivmoddi4.o)
                0x08000334                __udivmoddi4
 .text          0x080005f0        0x4 /usr/lib/gcc/arm-none-eabi/13.2.1/thumb/v7e-m+fp/hard/libgcc.a(_dvmd_tls.o)
                0x080005f0                __aeabi_ldiv0
                0x080005f0                __aeabi_idiv0
 *(.text*)
 .text.MX_GPIO_Init
                0x080005f4       0x60 build/debug/gpio.o
                0x080005f4                MX_GPIO_Init
 .text.MX_I2C1_Init
                0x08000654       0x3c build/debug/i2c.o
                0x08000654                MX_I2C1_Init
 .text.HAL_I2C_MspInit
                0x08000690       0x70 build/debug/i2c.o
                0x08000690                HAL_I2C_MspInit
 .text.Error_Handler
                0x08000700        0x4 build/debug/main.o
                0x08000700                Error_Handler
 .text.SystemClock_Config
                0x08000704       0xa8 build/debug/main.o
                0x08000704                SystemClock_Config
 .text.main     0x080007ac       0x30 build/debug/main.o
                0x080007ac                main
 .text.MX_SPI1_Init
                0x080007dc       0x40 build/debug/spi.o
                0x080007dc                MX_SPI1_Init
 .text.MX_SPI2_Init
                0x0800081c       0x40 build/debug/spi.o
                0x0800081c                MX_SPI2_Init
 .text.MX_SPI3_Init
                0x0800085c       0x40 build/debug/spi.o
                0x0800085c                MX_SPI3_Init
 .text.HAL_SPI_MspInit
                0x0800089c      0x144 build/debug/spi.o
                0x0800089c                HAL_SPI_MspInit
 .text.HAL_InitTick
                0x080009e0       0x4c build/debug/stm32f4xx_hal.o
                0x080009e0                HAL_InitTick
 .text.HAL_Init
                0x08000a2c       0x34 build/debug/stm32f4xx_hal.o
                0x08000a2c                HAL_Init
 .text.HAL_IncTick
                0x08000a60       0x18 build/debug/stm32f4xx_hal.o
                0x08000a60                HAL_IncTick
 .text.HAL_GetTick
                0x08000a78        0xc build/debug/stm32f4xx_hal.o
                0x08000a78                HAL_GetTick
 .text.HAL_Delay
                0x08000a84       0x28 build/debug/stm32f4xx_hal.o
                0x08000a84                HAL_Delay
 .text.__NVIC_EnableIRQ
                0x08000aac       0x1c build/debug/stm32f4xx_hal_cortex.o
 .text.__NVIC_SetPriority
                0x08000ac8       0x28 build/debug/stm32f4xx_hal_cortex.o
 .text.NVIC_EncodePriority
                0x08000af0       0x3e build/debug/stm32f4xx_hal_cortex.o
 *fill*         0x08000b2e        0x2 
 .text.HAL_NVIC_SetPriorityGrouping
                0x08000b30       0x24 build/debug/stm32f4xx_hal_cortex.o
                0x08000b30                HAL_NVIC_SetPriorityGrouping
 .text.HAL_NVIC_SetPriority
                0x08000b54       0x20 build/debug/stm32f4xx_hal_cortex.o
                0x08000b54                HAL_NVIC_SetPriority
 .text.HAL_NVIC_EnableIRQ
                0x08000b74        0x8 build/debug/stm32f4xx_hal_cortex.o
                0x08000b74                HAL_NVIC_EnableIRQ
 .text.HAL_SYSTICK_Config
                0x08000b7c       0x28 build/debug/stm32f4xx_hal_cortex.o
                0x08000b7c                HAL_SYSTICK_Config
 .text.HAL_GPIO_Init
                0x08000ba4      0x1ec build/debug/stm32f4xx_hal_gpio.o
                0x08000ba4                HAL_GPIO_Init
 .text.HAL_I2C_Init
                0x08000d90      0x1bc build/debug/stm32f4xx_hal_i2c.o
                0x08000d90                HAL_I2C_Init
 .text.HAL_MspInit
                0x08000f4c       0x38 build/debug/stm32f4xx_hal_msp.o
                0x08000f4c                HAL_MspInit
 .text.PCD_WriteEmptyTxFifo
                0x08000f84       0xd0 build/debug/stm32f4xx_hal_pcd.o
 .text.HAL_PCD_Init
                0x08001054      0x102 build/debug/stm32f4xx_hal_pcd.o
                0x08001054                HAL_PCD_Init
 .text.HAL_PCD_Start
                0x08001156       0x44 build/debug/stm32f4xx_hal_pcd.o
                0x08001156                HAL_PCD_Start
 *fill*         0x0800119a        0x2 
 .text.PCD_EP_OutXfrComplete_int
                0x0800119c      0x104 build/debug/stm32f4xx_hal_pcd.o
 .text.PCD_EP_OutSetupPacket_int
                0x080012a0       0x50 build/debug/stm32f4xx_hal_pcd.o
 .text.HAL_PCD_SetAddress
                0x080012f0       0x26 build/debug/stm32f4xx_hal_pcd.o
                0x080012f0                HAL_PCD_SetAddress
 .text.HAL_PCD_EP_Open
                0x08001316       0x8c build/debug/stm32f4xx_hal_pcd.o
                0x08001316                HAL_PCD_EP_Open
 .text.HAL_PCD_EP_Close
                0x080013a2       0x70 build/debug/stm32f4xx_hal_pcd.o
                0x080013a2                HAL_PCD_EP_Close
 .text.HAL_PCD_EP_Receive
                0x08001412       0x4a build/debug/stm32f4xx_hal_pcd.o
                0x08001412                HAL_PCD_EP_Receive
 .text.HAL_PCD_EP_GetRxCount
                0x0800145c       0x12 build/debug/stm32f4xx_hal_pcd.o
                0x0800145c                HAL_PCD_EP_GetRxCount
 .text.HAL_PCD_EP_Transmit
                0x0800146e       0x4a build/debug/stm32f4xx_hal_pcd.o
                0x0800146e                HAL_PCD_EP_Transmit
 .text.HAL_PCD_EP_SetStall
                0x080014b8       0x86 build/debug/stm32f4xx_hal_pcd.o
                0x080014b8                HAL_PCD_EP_SetStall
 .text.HAL_PCD_EP_ClrStall
                0x0800153e       0x74 build/debug/stm32f4xx_hal_pcd.o
                0x0800153e                HAL_PCD_EP_ClrStall
 .text.HAL_PCD_EP_Abort
                0x080015b2       0x34 build/debug/stm32f4xx_hal_pcd.o
                0x080015b2                HAL_PCD_EP_Abort
 .text.HAL_PCD_IRQHandler
                0x080015e6      0x5be build/debug/stm32f4xx_hal_pcd.o
                0x080015e6                HAL_PCD_IRQHandler
 .text.HAL_PCDEx_SetTxFiFo
                0x08001ba4       0x4c build/debug/stm32f4xx_hal_pcd_ex.o
                0x08001ba4                HAL_PCDEx_SetTxFiFo
 .text.HAL_PCDEx_SetRxFiFo
                0x08001bf0        0x8 build/debug/stm32f4xx_hal_pcd_ex.o
                0x08001bf0                HAL_PCDEx_SetRxFiFo
 .text.HAL_PCDEx_LPM_Callback
                0x08001bf8        0x2 build/debug/stm32f4xx_hal_pcd_ex.o
                0x08001bf8                HAL_PCDEx_LPM_Callback
 *fill*         0x08001bfa        0x2 
 .text.HAL_RCC_OscConfig
                0x08001bfc      0x3f8 build/debug/stm32f4xx_hal_rcc.o
                0x08001bfc                HAL_RCC_OscConfig
 .text.HAL_RCC_GetSysClockFreq
                0x08001ff4       0xdc build/debug/stm32f4xx_hal_rcc.o
                0x08001ff4                HAL_RCC_GetSysClockFreq
 .text.HAL_RCC_ClockConfig
                0x080020d0      0x160 build/debug/stm32f4xx_hal_rcc.o
                0x080020d0                HAL_RCC_ClockConfig
 .text.HAL_RCC_GetHCLKFreq
                0x08002230        0xc build/debug/stm32f4xx_hal_rcc.o
                0x08002230                HAL_RCC_GetHCLKFreq
 .text.HAL_RCC_GetPCLK1Freq
                0x0800223c       0x20 build/debug/stm32f4xx_hal_rcc.o
                0x0800223c                HAL_RCC_GetPCLK1Freq
 .text.HAL_RCC_GetPCLK2Freq
                0x0800225c       0x20 build/debug/stm32f4xx_hal_rcc.o
                0x0800225c                HAL_RCC_GetPCLK2Freq
 .text.HAL_SPI_Init
                0x0800227c       0xbe build/debug/stm32f4xx_hal_spi.o
                0x0800227c                HAL_SPI_Init
 *fill*         0x0800233a        0x2 
 .text.UART_SetConfig
                0x0800233c      0x110 build/debug/stm32f4xx_hal_uart.o
 .text.HAL_UART_Init
                0x0800244c       0x60 build/debug/stm32f4xx_hal_uart.o
                0x0800244c                HAL_UART_Init
 .text.NMI_Handler
                0x080024ac        0x2 build/debug/stm32f4xx_it.o
                0x080024ac                NMI_Handler
 .text.HardFault_Handler
                0x080024ae        0x2 build/debug/stm32f4xx_it.o
                0x080024ae                HardFault_Handler
 .text.MemManage_Handler
                0x080024b0        0x2 build/debug/stm32f4xx_it.o
                0x080024b0                MemManage_Handler
 .text.BusFault_Handler
                0x080024b2        0x2 build/debug/stm32f4xx_it.o
                0x080024b2                BusFault_Handler
 .text.UsageFault_Handler
                0x080024b4        0x2 build/debug/stm32f4xx_it.o
                0x080024b4                UsageFault_Handler
 .text.SVC_Handler
                0x080024b6        0x2 build/debug/stm32f4xx_it.o
                0x080024b6                SVC_Handler
 .text.DebugMon_Handler
                0x080024b8        0x2 build/debug/stm32f4xx_it.o
                0x080024b8                DebugMon_Handler
 .text.PendSV_Handler
                0x080024ba        0x2 build/debug/stm32f4xx_it.o
                0x080024ba                PendSV_Handler
 .text.SysTick_Handler
                0x080024bc        0x8 build/debug/stm32f4xx_it.o
                0x080024bc                SysTick_Handler
 .text.OTG_FS_IRQHandler
                0x080024c4       0x10 build/debug/stm32f4xx_it.o
                0x080024c4                OTG_FS_IRQHandler
 .text.USB_CoreReset
                0x080024d4       0x58 build/debug/stm32f4xx_ll_usb.o
 .text.USB_CoreInit
                0x0800252c       0x92 build/debug/stm32f4xx_ll_usb.o
                0x0800252c                USB_CoreInit
 *fill*         0x080025be        0x2 
 .text.USB_SetTurnaroundTime
                0x080025c0       0xe4 build/debug/stm32f4xx_ll_usb.o
                0x080025c0                USB_SetTurnaroundTime
 .text.USB_EnableGlobalInt
                0x080026a4        0xc build/debug/stm32f4xx_ll_usb.o
                0x080026a4                USB_EnableGlobalInt
 .text.USB_DisableGlobalInt
                0x080026b0        0xc build/debug/stm32f4xx_ll_usb.o
                0x080026b0                USB_DisableGlobalInt
 .text.USB_FlushTxFifo
                0x080026bc       0x4a build/debug/stm32f4xx_ll_usb.o
                0x080026bc                USB_FlushTxFifo
 .text.USB_FlushRxFifo
                0x08002706       0x46 build/debug/stm32f4xx_ll_usb.o
                0x08002706                USB_FlushRxFifo
 .text.USB_SetDevSpeed
                0x0800274c        0xe build/debug/stm32f4xx_ll_usb.o
                0x0800274c                USB_SetDevSpeed
 *fill*         0x0800275a        0x2 
 .text.USB_DevInit
                0x0800275c      0x194 build/debug/stm32f4xx_ll_usb.o
                0x0800275c                USB_DevInit
 .text.USB_GetDevSpeed
                0x080028f0       0x22 build/debug/stm32f4xx_ll_usb.o
                0x080028f0                USB_GetDevSpeed
 .text.USB_ActivateEndpoint
                0x08002912       0x9a build/debug/stm32f4xx_ll_usb.o
                0x08002912                USB_ActivateEndpoint
 .text.USB_DeactivateEndpoint
                0x080029ac       0xe0 build/debug/stm32f4xx_ll_usb.o
                0x080029ac                USB_DeactivateEndpoint
 .text.USB_EPStopXfer
                0x08002a8c       0xbe build/debug/stm32f4xx_ll_usb.o
                0x08002a8c                USB_EPStopXfer
 .text.USB_WritePacket
                0x08002b4a       0x2e build/debug/stm32f4xx_ll_usb.o
                0x08002b4a                USB_WritePacket
 .text.USB_EPStartXfer
                0x08002b78      0x244 build/debug/stm32f4xx_ll_usb.o
                0x08002b78                USB_EPStartXfer
 .text.USB_ReadPacket
                0x08002dbc       0x46 build/debug/stm32f4xx_ll_usb.o
                0x08002dbc                USB_ReadPacket
 .text.USB_EPSetStall
                0x08002e02       0x5a build/debug/stm32f4xx_ll_usb.o
                0x08002e02                USB_EPSetStall
 .text.USB_EPClearStall
                0x08002e5c       0x5c build/debug/stm32f4xx_ll_usb.o
                0x08002e5c                USB_EPClearStall
 .text.USB_SetDevAddress
                0x08002eb8       0x20 build/debug/stm32f4xx_ll_usb.o
                0x08002eb8                USB_SetDevAddress
 .text.USB_DevConnect
                0x08002ed8       0x1c build/debug/stm32f4xx_ll_usb.o
                0x08002ed8                USB_DevConnect
 .text.USB_DevDisconnect
                0x08002ef4       0x1c build/debug/stm32f4xx_ll_usb.o
                0x08002ef4                USB_DevDisconnect
 .text.USB_ReadInterrupts
                0x08002f10        0x8 build/debug/stm32f4xx_ll_usb.o
                0x08002f10                USB_ReadInterrupts
 .text.USB_ReadDevAllOutEpInterrupt
                0x08002f18       0x10 build/debug/stm32f4xx_ll_usb.o
                0x08002f18                USB_ReadDevAllOutEpInterrupt
 .text.USB_ReadDevAllInEpInterrupt
                0x08002f28       0x10 build/debug/stm32f4xx_ll_usb.o
                0x08002f28                USB_ReadDevAllInEpInterrupt
 .text.USB_ReadDevOutEPInterrupt
                0x08002f38       0x12 build/debug/stm32f4xx_ll_usb.o
                0x08002f38                USB_ReadDevOutEPInterrupt
 .text.USB_ReadDevInEPInterrupt
                0x08002f4a       0x24 build/debug/stm32f4xx_ll_usb.o
                0x08002f4a                USB_ReadDevInEPInterrupt
 .text.USB_GetMode
                0x08002f6e        0x8 build/debug/stm32f4xx_ll_usb.o
                0x08002f6e                USB_GetMode
 .text.USB_SetCurrentMode
                0x08002f76       0x62 build/debug/stm32f4xx_ll_usb.o
                0x08002f76                USB_SetCurrentMode
 .text.USB_ActivateSetup
                0x08002fd8       0x1c build/debug/stm32f4xx_ll_usb.o
                0x08002fd8                USB_ActivateSetup
 .text.USB_EP0_OutStart
                0x08002ff4       0x60 build/debug/stm32f4xx_ll_usb.o
                0x08002ff4                USB_EP0_OutStart
 .text.SystemInit
                0x08003054       0x14 build/debug/system_stm32f4xx.o
                0x08003054                SystemInit
 .text.MX_USART1_UART_Init
                0x08003068       0x34 build/debug/usart.o
                0x08003068                MX_USART1_UART_Init
 .text.MX_USART2_UART_Init
                0x0800309c       0x34 build/debug/usart.o
                0x0800309c                MX_USART2_UART_Init
 .text.MX_USART3_UART_Init
                0x080030d0       0x34 build/debug/usart.o
                0x080030d0                MX_USART3_UART_Init
 .text.HAL_UART_MspInit
                0x08003104      0x118 build/debug/usart.o
                0x08003104                HAL_UART_MspInit
 .text.MX_USB_DEVICE_Init
                0x0800321c       0x54 build/debug/usb_device.o
                0x0800321c                MX_USB_DEVICE_Init
 .text.USBD_CDC_EP0_RxReady
                0x08003270       0x40 build/debug/usbd_cdc.o
 .text.USBD_CDC_GetDeviceQualifierDescriptor
                0x080032b0        0xc build/debug/usbd_cdc.o
                0x080032b0                USBD_CDC_GetDeviceQualifierDescriptor
 .text.USBD_CDC_GetOtherSpeedCfgDesc
                0x080032bc       0x48 build/debug/usbd_cdc.o
 .text.USBD_CDC_GetFSCfgDesc
                0x08003304       0x48 build/debug/usbd_cdc.o
 .text.USBD_CDC_GetHSCfgDesc
                0x0800334c       0x48 build/debug/usbd_cdc.o
 .text.USBD_CDC_DataOut
                0x08003394       0x38 build/debug/usbd_cdc.o
 .text.USBD_CDC_DataIn
                0x080033cc       0x7c build/debug/usbd_cdc.o
 .text.USBD_CDC_Setup
                0x08003448      0x11a build/debug/usbd_cdc.o
 .text.USBD_CDC_DeInit
                0x08003562       0x64 build/debug/usbd_cdc.o
 .text.USBD_CDC_Init
                0x080035c6       0xee build/debug/usbd_cdc.o
 .text.USBD_CDC_RegisterInterface
                0x080036b4       0x16 build/debug/usbd_cdc.o
                0x080036b4                USBD_CDC_RegisterInterface
 .text.USBD_CDC_SetTxBuffer
                0x080036ca       0x1c build/debug/usbd_cdc.o
                0x080036ca                USBD_CDC_SetTxBuffer
 .text.USBD_CDC_SetRxBuffer
                0x080036e6       0x18 build/debug/usbd_cdc.o
                0x080036e6                USBD_CDC_SetRxBuffer
 .text.USBD_CDC_ReceivePacket
                0x080036fe       0x38 build/debug/usbd_cdc.o
                0x080036fe                USBD_CDC_ReceivePacket
 .text.CDC_DeInit_FS
                0x08003736        0x4 build/debug/usbd_cdc_if.o
 .text.CDC_Control_FS
                0x0800373a        0x4 build/debug/usbd_cdc_if.o
 .text.CDC_TransmitCplt_FS
                0x0800373e        0x4 build/debug/usbd_cdc_if.o
 *fill*         0x08003742        0x2 
 .text.CDC_Receive_FS
                0x08003744       0x1c build/debug/usbd_cdc_if.o
 .text.CDC_Init_FS
                0x08003760       0x28 build/debug/usbd_cdc_if.o
 .text.HAL_PCD_MspInit
                0x08003788       0x84 build/debug/usbd_conf.o
                0x08003788                HAL_PCD_MspInit
 .text.HAL_PCD_SetupStageCallback
                0x0800380c       0x10 build/debug/usbd_conf.o
                0x0800380c                HAL_PCD_SetupStageCallback
 .text.HAL_PCD_DataOutStageCallback
                0x0800381c       0x18 build/debug/usbd_conf.o
                0x0800381c                HAL_PCD_DataOutStageCallback
 .text.HAL_PCD_DataInStageCallback
                0x08003834       0x16 build/debug/usbd_conf.o
                0x08003834                HAL_PCD_DataInStageCallback
 .text.HAL_PCD_SOFCallback
                0x0800384a        0xc build/debug/usbd_conf.o
                0x0800384a                HAL_PCD_SOFCallback
 .text.HAL_PCD_ResetCallback
                0x08003856       0x28 build/debug/usbd_conf.o
                0x08003856                HAL_PCD_ResetCallback
 *fill*         0x0800387e        0x2 
 .text.HAL_PCD_SuspendCallback
                0x08003880       0x30 build/debug/usbd_conf.o
                0x08003880                HAL_PCD_SuspendCallback
 .text.HAL_PCD_ResumeCallback
                0x080038b0        0xc build/debug/usbd_conf.o
                0x080038b0                HAL_PCD_ResumeCallback
 .text.HAL_PCD_ISOOUTIncompleteCallback
                0x080038bc        0xc build/debug/usbd_conf.o
                0x080038bc                HAL_PCD_ISOOUTIncompleteCallback
 .text.HAL_PCD_ISOINIncompleteCallback
                0x080038c8        0xc build/debug/usbd_conf.o
                0x080038c8                HAL_PCD_ISOINIncompleteCallback
 .text.HAL_PCD_ConnectCallback
                0x080038d4        0xc build/debug/usbd_conf.o
                0x080038d4                HAL_PCD_ConnectCallback
 .text.HAL_PCD_DisconnectCallback
                0x080038e0        0xc build/debug/usbd_conf.o
                0x080038e0                HAL_PCD_DisconnectCallback
 .text.USBD_LL_Init
                0x080038ec       0x68 build/debug/usbd_conf.o
                0x080038ec                USBD_LL_Init
 .text.USBD_LL_IsStallEP
                0x08003954       0x2c build/debug/usbd_conf.o
                0x08003954                USBD_LL_IsStallEP
 .text.USBD_LL_GetRxDataSize
                0x08003980        0xc build/debug/usbd_conf.o
                0x08003980                USBD_LL_GetRxDataSize
 .text.USBD_static_malloc
                0x0800398c        0x8 build/debug/usbd_conf.o
                0x0800398c                USBD_static_malloc
 .text.USBD_static_free
                0x08003994        0x2 build/debug/usbd_conf.o
                0x08003994                USBD_static_free
 .text.USBD_Get_USB_Status
                0x08003996       0x14 build/debug/usbd_conf.o
                0x08003996                USBD_Get_USB_Status
 .text.USBD_LL_Start
                0x080039aa       0x10 build/debug/usbd_conf.o
                0x080039aa                USBD_LL_Start
 .text.USBD_LL_OpenEP
                0x080039ba       0x16 build/debug/usbd_conf.o
                0x080039ba                USBD_LL_OpenEP
 .text.USBD_LL_CloseEP
                0x080039d0       0x10 build/debug/usbd_conf.o
                0x080039d0                USBD_LL_CloseEP
 .text.USBD_LL_StallEP
                0x080039e0       0x10 build/debug/usbd_conf.o
                0x080039e0                USBD_LL_StallEP
 .text.USBD_LL_ClearStallEP
                0x080039f0       0x10 build/debug/usbd_conf.o
                0x080039f0                USBD_LL_ClearStallEP
 .text.USBD_LL_SetUSBAddress
                0x08003a00       0x10 build/debug/usbd_conf.o
                0x08003a00                USBD_LL_SetUSBAddress
 .text.USBD_LL_Transmit
                0x08003a10       0x10 build/debug/usbd_conf.o
                0x08003a10                USBD_LL_Transmit
 .text.USBD_LL_PrepareReceive
                0x08003a20       0x10 build/debug/usbd_conf.o
                0x08003a20                USBD_LL_PrepareReceive
 .text.USBD_Init
                0x08003a30       0x2e build/debug/usbd_core.o
                0x08003a30                USBD_Init
 .text.USBD_RegisterClass
                0x08003a5e       0x34 build/debug/usbd_core.o
                0x08003a5e                USBD_RegisterClass
 .text.USBD_Start
                0x08003a92        0x8 build/debug/usbd_core.o
                0x08003a92                USBD_Start
 .text.USBD_SetClassConfig
                0x08003a9a       0x12 build/debug/usbd_core.o
                0x08003a9a                USBD_SetClassConfig
 .text.USBD_ClrClassConfig
                0x08003aac       0x12 build/debug/usbd_core.o
                0x08003aac                USBD_ClrClassConfig
 .text.USBD_LL_SetupStage
                0x08003abe       0x58 build/debug/usbd_core.o
                0x08003abe                USBD_LL_SetupStage
 .text.USBD_LL_Reset
                0x08003b16       0x66 build/debug/usbd_core.o
                0x08003b16                USBD_LL_Reset
 .text.USBD_LL_SetSpeed
                0x08003b7c        0x6 build/debug/usbd_core.o
                0x08003b7c                USBD_LL_SetSpeed
 .text.USBD_LL_Suspend
                0x08003b82       0x1e build/debug/usbd_core.o
                0x08003b82                USBD_LL_Suspend
 .text.USBD_LL_Resume
                0x08003ba0       0x1a build/debug/usbd_core.o
                0x08003ba0                USBD_LL_Resume
 .text.USBD_LL_SOF
                0x08003bba       0x22 build/debug/usbd_core.o
                0x08003bba                USBD_LL_SOF
 .text.USBD_LL_IsoINIncomplete
                0x08003bdc       0x2e build/debug/usbd_core.o
                0x08003bdc                USBD_LL_IsoINIncomplete
 .text.USBD_LL_IsoOUTIncomplete
                0x08003c0a       0x2e build/debug/usbd_core.o
                0x08003c0a                USBD_LL_IsoOUTIncomplete
 .text.USBD_LL_DevConnected
                0x08003c38        0x4 build/debug/usbd_core.o
                0x08003c38                USBD_LL_DevConnected
 .text.USBD_LL_DevDisconnected
                0x08003c3c       0x20 build/debug/usbd_core.o
                0x08003c3c                USBD_LL_DevDisconnected
 .text.USBD_CoreFindIF
                0x08003c5c        0x4 build/debug/usbd_core.o
                0x08003c5c                USBD_CoreFindIF
 .text.USBD_CoreFindEP
                0x08003c60        0x4 build/debug/usbd_core.o
                0x08003c60                USBD_CoreFindEP
 .text.USBD_LL_DataOutStage
                0x08003c64       0xca build/debug/usbd_core.o
                0x08003c64                USBD_LL_DataOutStage
 .text.USBD_LL_DataInStage
                0x08003d2e       0xd8 build/debug/usbd_core.o
                0x08003d2e                USBD_LL_DataInStage
 .text.USBD_GetNextDesc
                0x08003e06        0xe build/debug/usbd_core.o
                0x08003e06                USBD_GetNextDesc
 .text.USBD_GetEpDesc
                0x08003e14       0x3e build/debug/usbd_core.o
                0x08003e14                USBD_GetEpDesc
 .text.USBD_GetLen
                0x08003e52       0x14 build/debug/usbd_ctlreq.o
 .text.USBD_ParseSetupRequest
                0x08003e66       0x28 build/debug/usbd_ctlreq.o
                0x08003e66                USBD_ParseSetupRequest
 .text.USBD_CtlError
                0x08003e8e       0x14 build/debug/usbd_ctlreq.o
                0x08003e8e                USBD_CtlError
 .text.USBD_GetDescriptor
                0x08003ea2      0x18a build/debug/usbd_ctlreq.o
 .text.USBD_SetAddress
                0x0800402c       0x50 build/debug/usbd_ctlreq.o
 .text.USBD_SetConfig
                0x0800407c       0xcc build/debug/usbd_ctlreq.o
 .text.USBD_GetConfig
                0x08004148       0x40 build/debug/usbd_ctlreq.o
 .text.USBD_GetStatus
                0x08004188       0x38 build/debug/usbd_ctlreq.o
 .text.USBD_SetFeature
                0x080041c0       0x2a build/debug/usbd_ctlreq.o
 .text.USBD_ClrFeature
                0x080041ea       0x26 build/debug/usbd_ctlreq.o
 .text.USBD_StdDevReq
                0x08004210       0x76 build/debug/usbd_ctlreq.o
                0x08004210                USBD_StdDevReq
 .text.USBD_StdItfReq
                0x08004286       0x84 build/debug/usbd_ctlreq.o
                0x08004286                USBD_StdItfReq
 .text.USBD_StdEPReq
                0x0800430a      0x232 build/debug/usbd_ctlreq.o
                0x0800430a                USBD_StdEPReq
 .text.USBD_GetString
                0x0800453c       0x46 build/debug/usbd_ctlreq.o
                0x0800453c                USBD_GetString
 *fill*         0x08004582        0x2 
 .text.USBD_FS_DeviceDescriptor
                0x08004584        0xc build/debug/usbd_desc.o
                0x08004584                USBD_FS_DeviceDescriptor
 .text.USBD_FS_LangIDStrDescriptor
                0x08004590        0xc build/debug/usbd_desc.o
                0x08004590                USBD_FS_LangIDStrDescriptor
 .text.IntToUnicode
                0x0800459c       0x46 build/debug/usbd_desc.o
 *fill*         0x080045e2        0x2 
 .text.Get_SerialNum
                0x080045e4       0x38 build/debug/usbd_desc.o
 .text.USBD_FS_SerialStrDescriptor
                0x0800461c       0x14 build/debug/usbd_desc.o
                0x0800461c                USBD_FS_SerialStrDescriptor
 .text.USBD_FS_ProductStrDescriptor
                0x08004630       0x24 build/debug/usbd_desc.o
                0x08004630                USBD_FS_ProductStrDescriptor
 .text.USBD_FS_ManufacturerStrDescriptor
                0x08004654       0x1c build/debug/usbd_desc.o
                0x08004654                USBD_FS_ManufacturerStrDescriptor
 .text.USBD_FS_ConfigStrDescriptor
                0x08004670       0x24 build/debug/usbd_desc.o
                0x08004670                USBD_FS_ConfigStrDescriptor
 .text.USBD_FS_InterfaceStrDescriptor
                0x08004694       0x24 build/debug/usbd_desc.o
                0x08004694                USBD_FS_InterfaceStrDescriptor
 .text.USBD_CtlSendData
                0x080046b8       0x1c build/debug/usbd_ioreq.o
                0x080046b8                USBD_CtlSendData
 .text.USBD_CtlContinueSendData
                0x080046d4       0x10 build/debug/usbd_ioreq.o
                0x080046d4                USBD_CtlContinueSendData
 .text.USBD_CtlPrepareRx
                0x080046e4       0x22 build/debug/usbd_ioreq.o
                0x080046e4                USBD_CtlPrepareRx
 .text.USBD_CtlContinueRx
                0x08004706       0x10 build/debug/usbd_ioreq.o
                0x08004706                USBD_CtlContinueRx
 .text.USBD_CtlSendStatus
                0x08004716       0x16 build/debug/usbd_ioreq.o
                0x08004716                USBD_CtlSendStatus
 .text.USBD_CtlReceiveStatus
                0x0800472c       0x16 build/debug/usbd_ioreq.o
                0x0800472c                USBD_CtlReceiveStatus
 *fill*         0x08004742        0x2 
 .text.Reset_Handler
                0x08004744       0x50 build/debug/startup_stm32f405xx.o
                0x08004744                Reset_Handler
 .text.Default_Handler
                0x08004794        0x2 build/debug/startup_stm32f405xx.o
                0x08004794                RTC_Alarm_IRQHandler
                0x08004794                HASH_RNG_IRQHandler
                0x08004794                EXTI2_IRQHandler
                0x08004794                TIM8_CC_IRQHandler
                0x08004794                TIM1_CC_IRQHandler
                0x08004794                DMA2_Stream5_IRQHandler
                0x08004794                DMA1_Stream5_IRQHandler
                0x08004794                PVD_IRQHandler
                0x08004794                SDIO_IRQHandler
                0x08004794                TAMP_STAMP_IRQHandler
                0x08004794                CAN2_RX1_IRQHandler
                0x08004794                EXTI3_IRQHandler
                0x08004794                TIM8_TRG_COM_TIM14_IRQHandler
                0x08004794                TIM1_UP_TIM10_IRQHandler
                0x08004794                TIM8_UP_TIM13_IRQHandler
                0x08004794                I2C3_ER_IRQHandler
                0x08004794                EXTI0_IRQHandler
                0x08004794                I2C2_EV_IRQHandler
                0x08004794                DMA1_Stream2_IRQHandler
                0x08004794                CAN1_RX0_IRQHandler
                0x08004794                FPU_IRQHandler
                0x08004794                OTG_HS_WKUP_IRQHandler
                0x08004794                CAN2_SCE_IRQHandler
                0x08004794                DMA2_Stream2_IRQHandler
                0x08004794                SPI1_IRQHandler
                0x08004794                TIM6_DAC_IRQHandler
                0x08004794                TIM1_BRK_TIM9_IRQHandler
                0x08004794                CAN2_RX0_IRQHandler
                0x08004794                DMA2_Stream3_IRQHandler
                0x08004794                USART6_IRQHandler
                0x08004794                USART3_IRQHandler
                0x08004794                CAN1_RX1_IRQHandler
                0x08004794                UART5_IRQHandler
                0x08004794                DMA2_Stream0_IRQHandler
                0x08004794                TIM4_IRQHandler
                0x08004794                I2C1_EV_IRQHandler
                0x08004794                DMA1_Stream6_IRQHandler
                0x08004794                DMA1_Stream1_IRQHandler
                0x08004794                UART4_IRQHandler
                0x08004794                TIM3_IRQHandler
                0x08004794                RCC_IRQHandler
                0x08004794                TIM8_BRK_TIM12_IRQHandler
                0x08004794                Default_Handler
                0x08004794                EXTI15_10_IRQHandler
                0x08004794                ADC_IRQHandler
                0x08004794                DMA1_Stream7_IRQHandler
                0x08004794                TIM7_IRQHandler
                0x08004794                CAN2_TX_IRQHandler
                0x08004794                TIM5_IRQHandler
                0x08004794                DMA2_Stream7_IRQHandler
                0x08004794                I2C3_EV_IRQHandler
                0x08004794                EXTI9_5_IRQHandler
                0x08004794                RTC_WKUP_IRQHandler
                0x08004794                SPI2_IRQHandler
                0x08004794                OTG_HS_EP1_IN_IRQHandler
                0x08004794                DMA1_Stream0_IRQHandler
                0x08004794                CAN1_TX_IRQHandler
                0x08004794                EXTI4_IRQHandler
                0x08004794                FSMC_IRQHandler
                0x08004794                OTG_HS_EP1_OUT_IRQHandler
                0x08004794                WWDG_IRQHandler
                0x08004794                TIM2_IRQHandler
                0x08004794                OTG_FS_WKUP_IRQHandler
                0x08004794                TIM1_TRG_COM_TIM11_IRQHandler
                0x08004794                OTG_HS_IRQHandler
                0x08004794                EXTI1_IRQHandler
                0x08004794                USART2_IRQHandler
                0x08004794                I2C2_ER_IRQHandler
                0x08004794                DMA2_Stream1_IRQHandler
                0x08004794                CAN1_SCE_IRQHandler
                0x08004794                FLASH_IRQHandler
                0x08004794                DMA2_Stream4_IRQHandler
                0x08004794                USART1_IRQHandler
                0x08004794                SPI3_IRQHandler
                0x08004794                DMA1_Stream4_IRQHandler
                0x08004794                I2C1_ER_IRQHandler
                0x08004794                DMA2_Stream6_IRQHandler
                0x08004794                DMA1_Stream3_IRQHandler
 *(.glue_7)
 .glue_7        0x08004796        0x0 linker stubs
 *(.glue_7t)
 .glue_7t       0x08004796        0x0 linker stubs
 *(.eh_frame)
 *fill*         0x08004796        0x2 
 .eh_frame      0x08004798        0x0 /usr/lib/gcc/arm-none-eabi/13.2.1/thumb/v7e-m+fp/hard/crtbegin.o
 *(.init)
 .init          0x08004798        0x4 /usr/lib/gcc/arm-none-eabi/13.2.1/thumb/v7e-m+fp/hard/crti.o
                0x08004798                _init
 .init          0x0800479c        0x8 /usr/lib/gcc/arm-none-eabi/13.2.1/thumb/v7e-m+fp/hard/crtn.o
 *(.fini)
 .fini          0x080047a4        0x4 /usr/lib/gcc/arm-none-eabi/13.2.1/thumb/v7e-m+fp/hard/crti.o
                0x080047a4                _fini
 .fini          0x080047a8        0x8 /usr/lib/gcc/arm-none-eabi/13.2.1/thumb/v7e-m+fp/hard/crtn.o
                0x080047b0                        . = ALIGN (0x4)
                0x080047b0                        _etext = .

.vfp11_veneer   0x080047b0        0x0
 .vfp11_veneer  0x080047b0        0x0 linker stubs

.v4_bx          0x080047b0        0x0
 .v4_bx         0x080047b0        0x0 linker stubs

.iplt           0x080047b0        0x0
 .iplt          0x080047b0        0x0 /usr/lib/gcc/arm-none-eabi/13.2.1/thumb/v7e-m+fp/hard/crtbegin.o

.rodata         0x080047b0       0x60
                0x080047b0                        . = ALIGN (0x4)
 *(.rodata)
 *(.rodata*)
 .rodata.APBPrescTable
                0x080047b0        0x8 build/debug/system_stm32f4xx.o
                0x080047b0                APBPrescTable
 .rodata.AHBPrescTable
                0x080047b8       0x10 build/debug/system_stm32f4xx.o
                0x080047b8                AHBPrescTable
 .rodata.USBD_FS_ProductStrDescriptor.str1.4
                0x080047c8       0x46 build/debug/usbd_desc.o
                                 0x16 (size before relaxing)
 .rodata.USBD_FS_ManufacturerStrDescriptor.str1.4
                0x0800480e       0x13 build/debug/usbd_desc.o
 .rodata.USBD_FS_ConfigStrDescriptor.str1.4
                0x0800480e        0xb build/debug/usbd_desc.o
 .rodata.USBD_FS_InterfaceStrDescriptor.str1.4
                0x0800480e        0xe build/debug/usbd_desc.o
                0x08004824                        . = ALIGN (0x4)
 *fill*         0x0800480e        0x2 

.ARM.extab      0x08004810        0x0
                0x08004810                        . = ALIGN (0x4)
 *(.ARM.extab* .gnu.linkonce.armextab.*)
                0x08004810                        . = ALIGN (0x4)

.ARM            0x08004810        0x8
                0x08004810                        . = ALIGN (0x4)
                0x08004810                        __exidx_start = .
 *(.ARM.exidx*)
 .ARM.exidx     0x08004810        0x8 /usr/lib/gcc/arm-none-eabi/13.2.1/thumb/v7e-m+fp/hard/libgcc.a(_udivmoddi4.o)
                0x08004818                        __exidx_end = .
                0x08004818                        . = ALIGN (0x4)

.preinit_array  0x08004818        0x0
                0x08004818                        . = ALIGN (0x4)
                0x08004818                        PROVIDE (__preinit_array_start = .)
 *(.preinit_array*)
                0x08004818                        PROVIDE (__preinit_array_end = .)
                0x08004818                        . = ALIGN (0x4)

.init_array     0x08004818        0x4
                0x08004818                        . = ALIGN (0x4)
                0x08004818                        PROVIDE (__init_array_start = .)
 *(SORT_BY_NAME(.init_array.*))
 *(.init_array*)
 .init_array    0x08004818        0x4 /usr/lib/gcc/arm-none-eabi/13.2.1/thumb/v7e-m+fp/hard/crtbegin.o
                0x0800481c                        PROVIDE (__init_array_end = .)
                0x0800481c                        . = ALIGN (0x4)

.fini_array     0x0800481c        0x4
                0x0800481c                        . = ALIGN (0x4)
                0x0800481c                        PROVIDE (__fini_array_start = .)
 *(SORT_BY_NAME(.fini_array.*))
 *(.fini_array*)
 .fini_array    0x0800481c        0x4 /usr/lib/gcc/arm-none-eabi/13.2.1/thumb/v7e-m+fp/hard/crtbegin.o
                0x08004820                        PROVIDE (__fini_array_end = .)
                0x08004820                        . = ALIGN (0x4)
                0x08004820                        _sidata = LOADADDR (.data)

.rel.dyn        0x08004820        0x0
 .rel.iplt      0x08004820        0x0 /usr/lib/gcc/arm-none-eabi/13.2.1/thumb/v7e-m+fp/hard/crtbegin.o

.data           0x20000000       0xf8 load address 0x08004820
                0x20000000                        . = ALIGN (0x4)
                0x20000000                        _sdata = .
 *(.data)
 *(.data*)
 .data.uwTickFreq
                0x20000000        0x1 build/debug/stm32f4xx_hal.o
                0x20000000                uwTickFreq
 *fill*         0x20000001        0x3 
 .data.uwTickPrio
                0x20000004        0x4 build/debug/stm32f4xx_hal.o
                0x20000004                uwTickPrio
 .data.SystemCoreClock
                0x20000008        0x4 build/debug/system_stm32f4xx.o
                0x20000008                SystemCoreClock
 .data.USBD_CDC_CfgDesc
                0x2000000c       0x43 build/debug/usbd_cdc.o
 *fill*         0x2000004f        0x1 
 .data.USBD_CDC
                0x20000050       0x38 build/debug/usbd_cdc.o
                0x20000050                USBD_CDC
 .data.USBD_CDC_DeviceQualifierDesc
                0x20000088        0xa build/debug/usbd_cdc.o
 *fill*         0x20000092        0x2 
 .data.USBD_Interface_fops_FS
                0x20000094       0x14 build/debug/usbd_cdc_if.o
                0x20000094                USBD_Interface_fops_FS
 .data.USBD_StringSerial
                0x200000a8       0x1a build/debug/usbd_desc.o
                0x200000a8                USBD_StringSerial
 *fill*         0x200000c2        0x2 
 .data.USBD_LangIDDesc
                0x200000c4        0x4 build/debug/usbd_desc.o
                0x200000c4                USBD_LangIDDesc
 .data.USBD_FS_DeviceDesc
                0x200000c8       0x12 build/debug/usbd_desc.o
                0x200000c8                USBD_FS_DeviceDesc
 *fill*         0x200000da        0x2 
 .data.FS_Desc  0x200000dc       0x1c build/debug/usbd_desc.o
                0x200000dc                FS_Desc
 *(.RamFunc)
 *(.RamFunc*)
                0x200000f8                        . = ALIGN (0x4)
                0x200000f8                        _edata = .
                0x08004918                        _siccmram = LOADADDR (.ccmram)

.tm_clone_table
                0x200000f8        0x0 load address 0x08004918
 .tm_clone_table
                0x200000f8        0x0 /usr/lib/gcc/arm-none-eabi/13.2.1/thumb/v7e-m+fp/hard/crtbegin.o
 .tm_clone_table
                0x200000f8        0x0 /usr/lib/gcc/arm-none-eabi/13.2.1/thumb/v7e-m+fp/hard/crtend.o

.igot.plt       0x200000f8        0x0 load address 0x08004918
 .igot.plt      0x200000f8        0x0 /usr/lib/gcc/arm-none-eabi/13.2.1/thumb/v7e-m+fp/hard/crtbegin.o

.ccmram         0x10000000        0x0 load address 0x08004918
                0x10000000                        . = ALIGN (0x4)
                0x10000000                        _sccmram = .
 *(.ccmram)
 *(.ccmram*)
                0x10000000                        . = ALIGN (0x4)
                0x10000000                        _eccmram = .
                0x10000000                        . = ALIGN (0x4)

.bss            0x200000f8     0x1e38
                0x200000f8                        _sbss = .
                0x200000f8                        __bss_start__ = _sbss
 *(.bss)
 .bss           0x200000f8       0x1c /usr/lib/gcc/arm-none-eabi/13.2.1/thumb/v7e-m+fp/hard/crtbegin.o
 *(.bss*)
 .bss.hi2c1     0x20000114       0x54 build/debug/i2c.o
                0x20000114                hi2c1
 .bss.hspi3     0x20000168       0x58 build/debug/spi.o
                0x20000168                hspi3
 .bss.hspi2     0x200001c0       0x58 build/debug/spi.o
                0x200001c0                hspi2
 .bss.hspi1     0x20000218       0x58 build/debug/spi.o
                0x20000218                hspi1
 .bss.uwTick    0x20000270        0x4 build/debug/stm32f4xx_hal.o
                0x20000270                uwTick
 .bss.huart3    0x20000274       0x48 build/debug/usart.o
                0x20000274                huart3
 .bss.huart2    0x200002bc       0x48 build/debug/usart.o
                0x200002bc                huart2
 .bss.huart1    0x20000304       0x48 build/debug/usart.o
                0x20000304                huart1
 .bss.hUsbDeviceFS
                0x2000034c      0x2dc build/debug/usb_device.o
                0x2000034c                hUsbDeviceFS
 .bss.UserTxBufferFS
                0x20000628      0x800 build/debug/usbd_cdc_if.o
                0x20000628                UserTxBufferFS
 .bss.UserRxBufferFS
                0x20000e28      0x800 build/debug/usbd_cdc_if.o
                0x20000e28                UserRxBufferFS
 .bss.mem.0     0x20001628      0x220 build/debug/usbd_conf.o
 .bss.hpcd_USB_OTG_FS
                0x20001848      0x4e4 build/debug/usbd_conf.o
                0x20001848                hpcd_USB_OTG_FS
 .bss.cfgidx.0  0x20001d2c        0x1 build/debug/usbd_ctlreq.o
 *fill*         0x20001d2d        0x3 
 .bss.USBD_StrDesc
                0x20001d30      0x200 build/debug/usbd_desc.o
                0x20001d30                USBD_StrDesc
 *(COMMON)
                0x20001f30                        . = ALIGN (0x4)
                0x20001f30                        _ebss = .
                0x20001f30                        __bss_end__ = _ebss

._user_heap_stack
                0x20001f30      0x600
                0x20001f30                        . = ALIGN (0x8)
                [!provide]                        PROVIDE (end = .)
                0x20001f30                        PROVIDE (_end = .)
                0x20002130                        . = (. + _Min_Heap_Size)
 *fill*         0x20001f30      0x200 
                0x20002530                        . = (. + _Min_Stack_Size)
 *fill*         0x20002130      0x400 
                0x20002530                        . = ALIGN (0x8)

/DISCARD/
 libc.a(*)
 libm.a(*)
 libgcc.a(*)
OUTPUT(build/debug/FC_Software.elf elf32-littlearm)
LOAD linker stubs
LOAD /usr/lib/gcc/arm-none-eabi/13.2.1/../../../arm-none-eabi/lib/thumb/v7e-m+fp/hard/libc.a
LOAD /usr/lib/gcc/arm-none-eabi/13.2.1/../../../arm-none-eabi/lib/thumb/v7e-m+fp/hard/libm.a
LOAD /usr/lib/gcc/arm-none-eabi/13.2.1/thumb/v7e-m+fp/hard/libgcc.a

.ARM.attributes
                0x00000000       0x30
 .ARM.attributes
                0x00000000       0x22 /usr/lib/gcc/arm-none-eabi/13.2.1/thumb/v7e-m+fp/hard/crti.o
 .ARM.attributes
                0x00000022       0x34 /usr/lib/gcc/arm-none-eabi/13.2.1/thumb/v7e-m+fp/hard/crtbegin.o
 .ARM.attributes
                0x00000056       0x34 build/debug/gpio.o
 .ARM.attributes
                0x0000008a       0x34 build/debug/i2c.o
 .ARM.attributes
                0x000000be       0x34 build/debug/main.o
 .ARM.attributes
                0x000000f2       0x34 build/debug/spi.o
 .ARM.attributes
                0x00000126       0x34 build/debug/stm32f4xx_hal.o
 .ARM.attributes
                0x0000015a       0x34 build/debug/stm32f4xx_hal_cortex.o
 .ARM.attributes
                0x0000018e       0x34 build/debug/stm32f4xx_hal_gpio.o
 .ARM.attributes
                0x000001c2       0x34 build/debug/stm32f4xx_hal_i2c.o
 .ARM.attributes
                0x000001f6       0x34 build/debug/stm32f4xx_hal_msp.o
 .ARM.attributes
                0x0000022a       0x34 build/debug/stm32f4xx_hal_pcd.o
 .ARM.attributes
                0x0000025e       0x34 build/debug/stm32f4xx_hal_pcd_ex.o
 .ARM.attributes
                0x00000292       0x34 build/debug/stm32f4xx_hal_rcc.o
 .ARM.attributes
                0x000002c6       0x34 build/debug/stm32f4xx_hal_spi.o
 .ARM.attributes
                0x000002fa       0x34 build/debug/stm32f4xx_hal_uart.o
 .ARM.attributes
                0x0000032e       0x34 build/debug/stm32f4xx_it.o
 .ARM.attributes
                0x00000362       0x34 build/debug/stm32f4xx_ll_usb.o
 .ARM.attributes
                0x00000396       0x34 build/debug/system_stm32f4xx.o
 .ARM.attributes
                0x000003ca       0x34 build/debug/usart.o
 .ARM.attributes
                0x000003fe       0x34 build/debug/usb_device.o
 .ARM.attributes
                0x00000432       0x34 build/debug/usbd_cdc.o
 .ARM.attributes
                0x00000466       0x34 build/debug/usbd_cdc_if.o
 .ARM.attributes
                0x0000049a       0x34 build/debug/usbd_conf.o
 .ARM.attributes
                0x000004ce       0x34 build/debug/usbd_core.o
 .ARM.attributes
                0x00000502       0x34 build/debug/usbd_ctlreq.o
 .ARM.attributes
                0x00000536       0x34 build/debug/usbd_desc.o
 .ARM.attributes
                0x0000056a       0x34 build/debug/usbd_ioreq.o
 .ARM.attributes
                0x0000059e       0x21 build/debug/startup_stm32f405xx.o
 .ARM.attributes
                0x000005bf       0x34 /usr/lib/gcc/arm-none-eabi/13.2.1/../../../arm-none-eabi/lib/thumb/v7e-m+fp/hard/libc_nano.a(libc_a-init.o)
 .ARM.attributes
                0x000005f3       0x34 /usr/lib/gcc/arm-none-eabi/13.2.1/../../../arm-none-eabi/lib/thumb/v7e-m+fp/hard/libc_nano.a(libc_a-memset.o)
 .ARM.attributes
                0x00000627       0x22 /usr/lib/gcc/arm-none-eabi/13.2.1/thumb/v7e-m+fp/hard/libgcc.a(_aeabi_uldivmod.o)
 .ARM.attributes
                0x00000649       0x34 /usr/lib/gcc/arm-none-eabi/13.2.1/thumb/v7e-m+fp/hard/libgcc.a(_udivmoddi4.o)
 .ARM.attributes
                0x0000067d       0x22 /usr/lib/gcc/arm-none-eabi/13.2.1/thumb/v7e-m+fp/hard/libgcc.a(_dvmd_tls.o)
 .ARM.attributes
                0x0000069f       0x34 /usr/lib/gcc/arm-none-eabi/13.2.1/thumb/v7e-m+fp/hard/crtend.o
 .ARM.attributes
                0x000006d3       0x22 /usr/lib/gcc/arm-none-eabi/13.2.1/thumb/v7e-m+fp/hard/crtn.o

.comment        0x00000000       0x26
 .comment       0x00000000       0x26 /usr/lib/gcc/arm-none-eabi/13.2.1/thumb/v7e-m+fp/hard/crtbegin.o
                                 0x27 (size before relaxing)
 .comment       0x00000026       0x27 build/debug/gpio.o
 .comment       0x00000026       0x27 build/debug/i2c.o
 .comment       0x00000026       0x27 build/debug/main.o
 .comment       0x00000026       0x27 build/debug/spi.o
 .comment       0x00000026       0x27 build/debug/stm32f4xx_hal.o
 .comment       0x00000026       0x27 build/debug/stm32f4xx_hal_cortex.o
 .comment       0x00000026       0x27 build/debug/stm32f4xx_hal_gpio.o
 .comment       0x00000026       0x27 build/debug/stm32f4xx_hal_i2c.o
 .comment       0x00000026       0x27 build/debug/stm32f4xx_hal_msp.o
 .comment       0x00000026       0x27 build/debug/stm32f4xx_hal_pcd.o
 .comment       0x00000026       0x27 build/debug/stm32f4xx_hal_pcd_ex.o
 .comment       0x00000026       0x27 build/debug/stm32f4xx_hal_rcc.o
 .comment       0x00000026       0x27 build/debug/stm32f4xx_hal_spi.o
 .comment       0x00000026       0x27 build/debug/stm32f4xx_hal_uart.o
 .comment       0x00000026       0x27 build/debug/stm32f4xx_it.o
 .comment       0x00000026       0x27 build/debug/stm32f4xx_ll_usb.o
 .comment       0x00000026       0x27 build/debug/system_stm32f4xx.o
 .comment       0x00000026       0x27 build/debug/usart.o
 .comment       0x00000026       0x27 build/debug/usb_device.o
 .comment       0x00000026       0x27 build/debug/usbd_cdc.o
 .comment       0x00000026       0x27 build/debug/usbd_cdc_if.o
 .comment       0x00000026       0x27 build/debug/usbd_conf.o
 .comment       0x00000026       0x27 build/debug/usbd_core.o
 .comment       0x00000026       0x27 build/debug/usbd_ctlreq.o
 .comment       0x00000026       0x27 build/debug/usbd_desc.o
 .comment       0x00000026       0x27 build/debug/usbd_ioreq.o
 .comment       0x00000026       0x27 /usr/lib/gcc/arm-none-eabi/13.2.1/../../../arm-none-eabi/lib/thumb/v7e-m+fp/hard/libc_nano.a(libc_a-init.o)
 .comment       0x00000026       0x27 /usr/lib/gcc/arm-none-eabi/13.2.1/../../../arm-none-eabi/lib/thumb/v7e-m+fp/hard/libc_nano.a(libc_a-memset.o)
 .comment       0x00000026       0x27 /usr/lib/gcc/arm-none-eabi/13.2.1/thumb/v7e-m+fp/hard/libgcc.a(_udivmoddi4.o)
 .comment       0x00000026       0x27 /usr/lib/gcc/arm-none-eabi/13.2.1/thumb/v7e-m+fp/hard/crtend.o

.debug_info     0x00000000    0x1bdcf
 .debug_info    0x00000000      0x28f build/debug/gpio.o
 .debug_info    0x0000028f      0x9b8 build/debug/i2c.o
 .debug_info    0x00000c47      0x5af build/debug/main.o
 .debug_info    0x000011f6      0xb55 build/debug/spi.o
 .debug_info    0x00001d4b      0x9c4 build/debug/stm32f4xx_hal.o
 .debug_info    0x0000270f      0xfbf build/debug/stm32f4xx_hal_cortex.o
 .debug_info    0x000036ce      0x6e0 build/debug/stm32f4xx_hal_gpio.o
 .debug_info    0x00003dae     0x37e1 build/debug/stm32f4xx_hal_i2c.o
 .debug_info    0x0000758f      0x259 build/debug/stm32f4xx_hal_msp.o
 .debug_info    0x000077e8     0x1bf0 build/debug/stm32f4xx_hal_pcd.o
 .debug_info    0x000093d8      0x6d5 build/debug/stm32f4xx_hal_pcd_ex.o
 .debug_info    0x00009aad      0xa51 build/debug/stm32f4xx_hal_rcc.o
 .debug_info    0x0000a4fe     0x1ca8 build/debug/stm32f4xx_hal_spi.o
 .debug_info    0x0000c1a6     0x3fe8 build/debug/stm32f4xx_hal_uart.o
 .debug_info    0x0001018e      0x61b build/debug/stm32f4xx_it.o
 .debug_info    0x000107a9     0x1e5e build/debug/stm32f4xx_ll_usb.o
 .debug_info    0x00012607      0x50d build/debug/system_stm32f4xx.o
 .debug_info    0x00012b14      0xacd build/debug/usart.o
 .debug_info    0x000135e1      0x760 build/debug/usb_device.o
 .debug_info    0x00013d41     0x1751 build/debug/usbd_cdc.o
 .debug_info    0x00015492      0x991 build/debug/usbd_cdc_if.o
 .debug_info    0x00015e23     0x2139 build/debug/usbd_conf.o
 .debug_info    0x00017f5c     0x121b build/debug/usbd_core.o
 .debug_info    0x00019177     0x140b build/debug/usbd_ctlreq.o
 .debug_info    0x0001a582      0x5b6 build/debug/usbd_desc.o
 .debug_info    0x0001ab38      0x8d2 build/debug/usbd_ioreq.o
 .debug_info    0x0001b40a       0x30 build/debug/startup_stm32f405xx.o
 .debug_info    0x0001b43a      0x10b /usr/lib/gcc/arm-none-eabi/13.2.1/../../../arm-none-eabi/lib/thumb/v7e-m+fp/hard/libc_nano.a(libc_a-init.o)
 .debug_info    0x0001b545      0x135 /usr/lib/gcc/arm-none-eabi/13.2.1/../../../arm-none-eabi/lib/thumb/v7e-m+fp/hard/libc_nano.a(libc_a-memset.o)
 .debug_info    0x0001b67a       0x24 /usr/lib/gcc/arm-none-eabi/13.2.1/thumb/v7e-m+fp/hard/libgcc.a(_aeabi_uldivmod.o)
 .debug_info    0x0001b69e      0x6f5 /usr/lib/gcc/arm-none-eabi/13.2.1/thumb/v7e-m+fp/hard/libgcc.a(_udivmoddi4.o)
 .debug_info    0x0001bd93       0x3c /usr/lib/gcc/arm-none-eabi/13.2.1/thumb/v7e-m+fp/hard/libgcc.a(_dvmd_tls.o)

.debug_abbrev   0x00000000     0x3fae
 .debug_abbrev  0x00000000       0xd6 build/debug/gpio.o
 .debug_abbrev  0x000000d6      0x20f build/debug/i2c.o
 .debug_abbrev  0x000002e5      0x1ef build/debug/main.o
 .debug_abbrev  0x000004d4      0x21c build/debug/spi.o
 .debug_abbrev  0x000006f0      0x240 build/debug/stm32f4xx_hal.o
 .debug_abbrev  0x00000930      0x391 build/debug/stm32f4xx_hal_cortex.o
 .debug_abbrev  0x00000cc1      0x202 build/debug/stm32f4xx_hal_gpio.o
 .debug_abbrev  0x00000ec3      0x2c3 build/debug/stm32f4xx_hal_i2c.o
 .debug_abbrev  0x00001186       0xd6 build/debug/stm32f4xx_hal_msp.o
 .debug_abbrev  0x0000125c      0x2db build/debug/stm32f4xx_hal_pcd.o
 .debug_abbrev  0x00001537      0x1f3 build/debug/stm32f4xx_hal_pcd_ex.o
 .debug_abbrev  0x0000172a      0x2c7 build/debug/stm32f4xx_hal_rcc.o
 .debug_abbrev  0x000019f1      0x272 build/debug/stm32f4xx_hal_spi.o
 .debug_abbrev  0x00001c63      0x326 build/debug/stm32f4xx_hal_uart.o
 .debug_abbrev  0x00001f89      0x1ad build/debug/stm32f4xx_it.o
 .debug_abbrev  0x00002136      0x329 build/debug/stm32f4xx_ll_usb.o
 .debug_abbrev  0x0000245f      0x11f build/debug/system_stm32f4xx.o
 .debug_abbrev  0x0000257e      0x21b build/debug/usart.o
 .debug_abbrev  0x00002799      0x1b0 build/debug/usb_device.o
 .debug_abbrev  0x00002949      0x33d build/debug/usbd_cdc.o
 .debug_abbrev  0x00002c86      0x2ca build/debug/usbd_cdc_if.o
 .debug_abbrev  0x00002f50      0x33e build/debug/usbd_conf.o
 .debug_abbrev  0x0000328e      0x2f8 build/debug/usbd_core.o
 .debug_abbrev  0x00003586      0x343 build/debug/usbd_ctlreq.o
 .debug_abbrev  0x000038c9      0x1ed build/debug/usbd_desc.o
 .debug_abbrev  0x00003ab6      0x1b0 build/debug/usbd_ioreq.o
 .debug_abbrev  0x00003c66       0x24 build/debug/startup_stm32f405xx.o
 .debug_abbrev  0x00003c8a       0xc9 /usr/lib/gcc/arm-none-eabi/13.2.1/../../../arm-none-eabi/lib/thumb/v7e-m+fp/hard/libc_nano.a(libc_a-init.o)
 .debug_abbrev  0x00003d53       0xb7 /usr/lib/gcc/arm-none-eabi/13.2.1/../../../arm-none-eabi/lib/thumb/v7e-m+fp/hard/libc_nano.a(libc_a-memset.o)
 .debug_abbrev  0x00003e0a       0x14 /usr/lib/gcc/arm-none-eabi/13.2.1/thumb/v7e-m+fp/hard/libgcc.a(_aeabi_uldivmod.o)
 .debug_abbrev  0x00003e1e      0x16a /usr/lib/gcc/arm-none-eabi/13.2.1/thumb/v7e-m+fp/hard/libgcc.a(_udivmoddi4.o)
 .debug_abbrev  0x00003f88       0x26 /usr/lib/gcc/arm-none-eabi/13.2.1/thumb/v7e-m+fp/hard/libgcc.a(_dvmd_tls.o)

.debug_aranges  0x00000000     0x12f8
 .debug_aranges
                0x00000000       0x20 build/debug/gpio.o
 .debug_aranges
                0x00000020       0x30 build/debug/i2c.o
 .debug_aranges
                0x00000050       0x30 build/debug/main.o
 .debug_aranges
                0x00000080       0x40 build/debug/spi.o
 .debug_aranges
                0x000000c0       0xf0 build/debug/stm32f4xx_hal.o
 .debug_aranges
                0x000001b0       0xf8 build/debug/stm32f4xx_hal_cortex.o
 .debug_aranges
                0x000002a8       0x58 build/debug/stm32f4xx_hal_gpio.o
 .debug_aranges
                0x00000300      0x2a8 build/debug/stm32f4xx_hal_i2c.o
 .debug_aranges
                0x000005a8       0x20 build/debug/stm32f4xx_hal_msp.o
 .debug_aranges
                0x000005c8      0x148 build/debug/stm32f4xx_hal_pcd.o
 .debug_aranges
                0x00000710       0x38 build/debug/stm32f4xx_hal_pcd_ex.o
 .debug_aranges
                0x00000748       0x88 build/debug/stm32f4xx_hal_rcc.o
 .debug_aranges
                0x000007d0      0x1d0 build/debug/stm32f4xx_hal_spi.o
 .debug_aranges
                0x000009a0      0x208 build/debug/stm32f4xx_hal_uart.o
 .debug_aranges
                0x00000ba8       0x68 build/debug/stm32f4xx_it.o
 .debug_aranges
                0x00000c10      0x1a0 build/debug/stm32f4xx_ll_usb.o
 .debug_aranges
                0x00000db0       0x28 build/debug/system_stm32f4xx.o
 .debug_aranges
                0x00000dd8       0x40 build/debug/usart.o
 .debug_aranges
                0x00000e18       0x20 build/debug/usb_device.o
 .debug_aranges
                0x00000e38       0x90 build/debug/usbd_cdc.o
 .debug_aranges
                0x00000ec8       0x48 build/debug/usbd_cdc_if.o
 .debug_aranges
                0x00000f10      0x110 build/debug/usbd_conf.o
 .debug_aranges
                0x00001020       0xd8 build/debug/usbd_core.o
 .debug_aranges
                0x000010f8       0x88 build/debug/usbd_ctlreq.o
 .debug_aranges
                0x00001180       0x60 build/debug/usbd_desc.o
 .debug_aranges
                0x000011e0       0x50 build/debug/usbd_ioreq.o
 .debug_aranges
                0x00001230       0x28 build/debug/startup_stm32f405xx.o
 .debug_aranges
                0x00001258       0x20 /usr/lib/gcc/arm-none-eabi/13.2.1/../../../arm-none-eabi/lib/thumb/v7e-m+fp/hard/libc_nano.a(libc_a-init.o)
 .debug_aranges
                0x00001278       0x20 /usr/lib/gcc/arm-none-eabi/13.2.1/../../../arm-none-eabi/lib/thumb/v7e-m+fp/hard/libc_nano.a(libc_a-memset.o)
 .debug_aranges
                0x00001298       0x20 /usr/lib/gcc/arm-none-eabi/13.2.1/thumb/v7e-m+fp/hard/libgcc.a(_aeabi_uldivmod.o)
 .debug_aranges
                0x000012b8       0x20 /usr/lib/gcc/arm-none-eabi/13.2.1/thumb/v7e-m+fp/hard/libgcc.a(_udivmoddi4.o)
 .debug_aranges
                0x000012d8       0x20 /usr/lib/gcc/arm-none-eabi/13.2.1/thumb/v7e-m+fp/hard/libgcc.a(_dvmd_tls.o)

.debug_rnglists
                0x00000000      0xe5b
 .debug_rnglists
                0x00000000       0x13 build/debug/gpio.o
 .debug_rnglists
                0x00000013       0x1f build/debug/i2c.o
 .debug_rnglists
                0x00000032       0x20 build/debug/main.o
 .debug_rnglists
                0x00000052       0x2d build/debug/spi.o
 .debug_rnglists
                0x0000007f       0xaf build/debug/stm32f4xx_hal.o
 .debug_rnglists
                0x0000012e       0xb5 build/debug/stm32f4xx_hal_cortex.o
 .debug_rnglists
                0x000001e3       0x3f build/debug/stm32f4xx_hal_gpio.o
 .debug_rnglists
                0x00000222      0x236 build/debug/stm32f4xx_hal_i2c.o
 .debug_rnglists
                0x00000458       0x13 build/debug/stm32f4xx_hal_msp.o
 .debug_rnglists
                0x0000046b       0xf7 build/debug/stm32f4xx_hal_pcd.o
 .debug_rnglists
                0x00000562       0x25 build/debug/stm32f4xx_hal_pcd_ex.o
 .debug_rnglists
                0x00000587       0x75 build/debug/stm32f4xx_hal_rcc.o
 .debug_rnglists
                0x000005fc      0x16a build/debug/stm32f4xx_hal_spi.o
 .debug_rnglists
                0x00000766      0x195 build/debug/stm32f4xx_hal_uart.o
 .debug_rnglists
                0x000008fb       0x49 build/debug/stm32f4xx_it.o
 .debug_rnglists
                0x00000944      0x141 build/debug/stm32f4xx_ll_usb.o
 .debug_rnglists
                0x00000a85       0x1a build/debug/system_stm32f4xx.o
 .debug_rnglists
                0x00000a9f       0x2c build/debug/usart.o
 .debug_rnglists
                0x00000acb       0x13 build/debug/usb_device.o
 .debug_rnglists
                0x00000ade       0x69 build/debug/usbd_cdc.o
 .debug_rnglists
                0x00000b47       0x31 build/debug/usbd_cdc_if.o
 .debug_rnglists
                0x00000b78       0xc8 build/debug/usbd_conf.o
 .debug_rnglists
                0x00000c40       0x9f build/debug/usbd_core.o
 .debug_rnglists
                0x00000cdf       0x65 build/debug/usbd_ctlreq.o
 .debug_rnglists
                0x00000d44       0x43 build/debug/usbd_desc.o
 .debug_rnglists
                0x00000d87       0x37 build/debug/usbd_ioreq.o
 .debug_rnglists
                0x00000dbe       0x19 build/debug/startup_stm32f405xx.o
 .debug_rnglists
                0x00000dd7       0x84 /usr/lib/gcc/arm-none-eabi/13.2.1/thumb/v7e-m+fp/hard/libgcc.a(_udivmoddi4.o)

.debug_line     0x00000000    0x14a77
 .debug_line    0x00000000       0xd0 build/debug/gpio.o
 .debug_line    0x000000d0      0x245 build/debug/i2c.o
 .debug_line    0x00000315      0x2ae build/debug/main.o
 .debug_line    0x000005c3      0x447 build/debug/spi.o
 .debug_line    0x00000a0a      0x4e2 build/debug/stm32f4xx_hal.o
 .debug_line    0x00000eec      0x7a5 build/debug/stm32f4xx_hal_cortex.o
 .debug_line    0x00001691      0x670 build/debug/stm32f4xx_hal_gpio.o
 .debug_line    0x00001d01     0x53e6 build/debug/stm32f4xx_hal_i2c.o
 .debug_line    0x000070e7       0xd1 build/debug/stm32f4xx_hal_msp.o
 .debug_line    0x000071b8     0x13d5 build/debug/stm32f4xx_hal_pcd.o
 .debug_line    0x0000858d      0x21b build/debug/stm32f4xx_hal_pcd_ex.o
 .debug_line    0x000087a8      0xb39 build/debug/stm32f4xx_hal_rcc.o
 .debug_line    0x000092e1     0x23ec build/debug/stm32f4xx_hal_spi.o
 .debug_line    0x0000b6cd     0x348b build/debug/stm32f4xx_hal_uart.o
 .debug_line    0x0000eb58      0x20b build/debug/stm32f4xx_it.o
 .debug_line    0x0000ed63     0x1ee6 build/debug/stm32f4xx_ll_usb.o
 .debug_line    0x00010c49      0x1c9 build/debug/system_stm32f4xx.o
 .debug_line    0x00010e12      0x3bb build/debug/usart.o
 .debug_line    0x000111cd      0x194 build/debug/usb_device.o
 .debug_line    0x00011361      0x987 build/debug/usbd_cdc.o
 .debug_line    0x00011ce8      0x1e0 build/debug/usbd_cdc_if.o
 .debug_line    0x00011ec8      0x795 build/debug/usbd_conf.o
 .debug_line    0x0001265d      0x965 build/debug/usbd_core.o
 .debug_line    0x00012fc2      0xc7f build/debug/usbd_ctlreq.o
 .debug_line    0x00013c41      0x2af build/debug/usbd_desc.o
 .debug_line    0x00013ef0      0x231 build/debug/usbd_ioreq.o
 .debug_line    0x00014121       0x76 build/debug/startup_stm32f405xx.o
 .debug_line    0x00014197      0x11e /usr/lib/gcc/arm-none-eabi/13.2.1/../../../arm-none-eabi/lib/thumb/v7e-m+fp/hard/libc_nano.a(libc_a-init.o)
 .debug_line    0x000142b5      0x1b6 /usr/lib/gcc/arm-none-eabi/13.2.1/../../../arm-none-eabi/lib/thumb/v7e-m+fp/hard/libc_nano.a(libc_a-memset.o)
 .debug_line    0x0001446b       0x4e /usr/lib/gcc/arm-none-eabi/13.2.1/thumb/v7e-m+fp/hard/libgcc.a(_aeabi_uldivmod.o)
 .debug_line    0x000144b9      0x574 /usr/lib/gcc/arm-none-eabi/13.2.1/thumb/v7e-m+fp/hard/libgcc.a(_udivmoddi4.o)
 .debug_line    0x00014a2d       0x4a /usr/lib/gcc/arm-none-eabi/13.2.1/thumb/v7e-m+fp/hard/libgcc.a(_dvmd_tls.o)

.debug_str      0x00000000     0x5ba9
 .debug_str     0x00000000     0x5ba9 build/debug/gpio.o
                                0x29b (size before relaxing)
 .debug_str     0x00005ba9      0x881 build/debug/i2c.o
 .debug_str     0x00005ba9      0x4f8 build/debug/main.o
 .debug_str     0x00005ba9      0x804 build/debug/spi.o
 .debug_str     0x00005ba9      0xb2f build/debug/stm32f4xx_hal.o
 .debug_str     0x00005ba9      0xc2c build/debug/stm32f4xx_hal_cortex.o
 .debug_str     0x00005ba9      0x4b7 build/debug/stm32f4xx_hal_gpio.o
 .debug_str     0x00005ba9     0x1014 build/debug/stm32f4xx_hal_i2c.o
 .debug_str     0x00005ba9      0x2a7 build/debug/stm32f4xx_hal_msp.o
 .debug_str     0x00005ba9      0xddc build/debug/stm32f4xx_hal_pcd.o
 .debug_str     0x00005ba9      0x71a build/debug/stm32f4xx_hal_pcd_ex.o
 .debug_str     0x00005ba9      0x6d2 build/debug/stm32f4xx_hal_rcc.o
 .debug_str     0x00005ba9      0xbcb build/debug/stm32f4xx_hal_spi.o
 .debug_str     0x00005ba9      0xd67 build/debug/stm32f4xx_hal_uart.o
 .debug_str     0x00005ba9      0x639 build/debug/stm32f4xx_it.o
 .debug_str     0x00005ba9      0xd05 build/debug/stm32f4xx_ll_usb.o
 .debug_str     0x00005ba9      0x357 build/debug/system_stm32f4xx.o
 .debug_str     0x00005ba9      0x843 build/debug/usart.o
 .debug_str     0x00005ba9      0x69b build/debug/usb_device.o
 .debug_str     0x00005ba9      0xd6d build/debug/usbd_cdc.o
 .debug_str     0x00005ba9      0x769 build/debug/usbd_cdc_if.o
 .debug_str     0x00005ba9     0x1592 build/debug/usbd_conf.o
 .debug_str     0x00005ba9      0x9b6 build/debug/usbd_core.o
 .debug_str     0x00005ba9      0x7e1 build/debug/usbd_ctlreq.o
 .debug_str     0x00005ba9      0x435 build/debug/usbd_desc.o
 .debug_str     0x00005ba9      0x6b6 build/debug/usbd_ioreq.o
 .debug_str     0x00005ba9       0x73 build/debug/startup_stm32f405xx.o
 .debug_str     0x00005ba9      0x1fa /usr/lib/gcc/arm-none-eabi/13.2.1/../../../arm-none-eabi/lib/thumb/v7e-m+fp/hard/libc_nano.a(libc_a-init.o)
 .debug_str     0x00005ba9      0x1ad /usr/lib/gcc/arm-none-eabi/13.2.1/../../../arm-none-eabi/lib/thumb/v7e-m+fp/hard/libc_nano.a(libc_a-memset.o)
 .debug_str     0x00005ba9       0xa3 /usr/lib/gcc/arm-none-eabi/13.2.1/thumb/v7e-m+fp/hard/libgcc.a(_aeabi_uldivmod.o)
 .debug_str     0x00005ba9      0x685 /usr/lib/gcc/arm-none-eabi/13.2.1/thumb/v7e-m+fp/hard/libgcc.a(_udivmoddi4.o)
 .debug_str     0x00005ba9       0xc3 /usr/lib/gcc/arm-none-eabi/13.2.1/thumb/v7e-m+fp/hard/libgcc.a(_dvmd_tls.o)

.debug_frame    0x00000000     0x324c
 .debug_frame   0x00000000       0x28 build/debug/gpio.o
 .debug_frame   0x00000028       0x64 build/debug/i2c.o
 .debug_frame   0x0000008c       0x58 build/debug/main.o
 .debug_frame   0x000000e4       0x98 build/debug/spi.o
 .debug_frame   0x0000017c      0x1ec build/debug/stm32f4xx_hal.o
 .debug_frame   0x00000368      0x214 build/debug/stm32f4xx_hal_cortex.o
 .debug_frame   0x0000057c       0xd8 build/debug/stm32f4xx_hal_gpio.o
 .debug_frame   0x00000654      0x988 build/debug/stm32f4xx_hal_i2c.o
 .debug_frame   0x00000fdc       0x28 build/debug/stm32f4xx_hal_msp.o
 .debug_frame   0x00001004      0x388 build/debug/stm32f4xx_hal_pcd.o
 .debug_frame   0x0000138c       0x5c build/debug/stm32f4xx_hal_pcd_ex.o
 .debug_frame   0x000013e8      0x16c build/debug/stm32f4xx_hal_rcc.o
 .debug_frame   0x00001554      0x5d0 build/debug/stm32f4xx_hal_spi.o
 .debug_frame   0x00001b24      0x5e0 build/debug/stm32f4xx_hal_uart.o
 .debug_frame   0x00002104       0xc0 build/debug/stm32f4xx_it.o
 .debug_frame   0x000021c4      0x494 build/debug/stm32f4xx_ll_usb.o
 .debug_frame   0x00002658       0x30 build/debug/system_stm32f4xx.o
 .debug_frame   0x00002688       0x90 build/debug/usart.o
 .debug_frame   0x00002718       0x28 build/debug/usb_device.o
 .debug_frame   0x00002740      0x190 build/debug/usbd_cdc.o
 .debug_frame   0x000028d0       0x88 build/debug/usbd_cdc_if.o
 .debug_frame   0x00002958      0x2e4 build/debug/usbd_conf.o
 .debug_frame   0x00002c3c      0x240 build/debug/usbd_core.o
 .debug_frame   0x00002e7c      0x180 build/debug/usbd_ctlreq.o
 .debug_frame   0x00002ffc       0xe0 build/debug/usbd_desc.o
 .debug_frame   0x000030dc       0xb8 build/debug/usbd_ioreq.o
 .debug_frame   0x00003194       0x2c /usr/lib/gcc/arm-none-eabi/13.2.1/../../../arm-none-eabi/lib/thumb/v7e-m+fp/hard/libc_nano.a(libc_a-init.o)
 .debug_frame   0x000031c0       0x2c /usr/lib/gcc/arm-none-eabi/13.2.1/../../../arm-none-eabi/lib/thumb/v7e-m+fp/hard/libc_nano.a(libc_a-memset.o)
 .debug_frame   0x000031ec       0x2c /usr/lib/gcc/arm-none-eabi/13.2.1/thumb/v7e-m+fp/hard/libgcc.a(_aeabi_uldivmod.o)
 .debug_frame   0x00003218       0x34 /usr/lib/gcc/arm-none-eabi/13.2.1/thumb/v7e-m+fp/hard/libgcc.a(_udivmoddi4.o)

.debug_loclists
                0x00000000     0xe74a
 .debug_loclists
                0x00000000       0x5d build/debug/i2c.o
 .debug_loclists
                0x0000005d       0xd8 build/debug/spi.o
 .debug_loclists
                0x00000135       0xe1 build/debug/stm32f4xx_hal.o
 .debug_loclists
                0x00000216      0x54d build/debug/stm32f4xx_hal_cortex.o
 .debug_loclists
                0x00000763      0x386 build/debug/stm32f4xx_hal_gpio.o
 .debug_loclists
                0x00000ae9     0x31d0 build/debug/stm32f4xx_hal_i2c.o
 .debug_loclists
                0x00003cb9      0xdb4 build/debug/stm32f4xx_hal_pcd.o
 .debug_loclists
                0x00004a6d       0xb3 build/debug/stm32f4xx_hal_pcd_ex.o
 .debug_loclists
                0x00004b20      0x3e5 build/debug/stm32f4xx_hal_rcc.o
 .debug_loclists
                0x00004f05     0x14f7 build/debug/stm32f4xx_hal_spi.o
 .debug_loclists
                0x000063fc     0x2cad build/debug/stm32f4xx_hal_uart.o
 .debug_loclists
                0x000090a9     0x1913 build/debug/stm32f4xx_ll_usb.o
 .debug_loclists
                0x0000a9bc       0x79 build/debug/system_stm32f4xx.o
 .debug_loclists
                0x0000aa35       0xd7 build/debug/usart.o
 .debug_loclists
                0x0000ab0c      0x755 build/debug/usbd_cdc.o
 .debug_loclists
                0x0000b261      0x10a build/debug/usbd_cdc_if.o
 .debug_loclists
                0x0000b36b      0x8c6 build/debug/usbd_conf.o
 .debug_loclists
                0x0000bc31      0x98f build/debug/usbd_core.o
 .debug_loclists
                0x0000c5c0     0x10d2 build/debug/usbd_ctlreq.o
 .debug_loclists
                0x0000d692      0x299 build/debug/usbd_desc.o
 .debug_loclists
                0x0000d92b      0x214 build/debug/usbd_ioreq.o
 .debug_loclists
                0x0000db3f       0x65 /usr/lib/gcc/arm-none-eabi/13.2.1/../../../arm-none-eabi/lib/thumb/v7e-m+fp/hard/libc_nano.a(libc_a-init.o)
 .debug_loclists
                0x0000dba4      0x1c2 /usr/lib/gcc/arm-none-eabi/13.2.1/../../../arm-none-eabi/lib/thumb/v7e-m+fp/hard/libc_nano.a(libc_a-memset.o)
 .debug_loclists
                0x0000dd66      0x9e4 /usr/lib/gcc/arm-none-eabi/13.2.1/thumb/v7e-m+fp/hard/libgcc.a(_udivmoddi4.o)

.debug_line_str
                0x00000000       0xfc
 .debug_line_str
                0x00000000       0xfc build/debug/startup_stm32f405xx.o
                                 0x59 (size before relaxing)
 .debug_line_str
                0x000000fc       0x97 /usr/lib/gcc/arm-none-eabi/13.2.1/thumb/v7e-m+fp/hard/libgcc.a(_aeabi_uldivmod.o)
 .debug_line_str
                0x000000fc       0x9b /usr/lib/gcc/arm-none-eabi/13.2.1/thumb/v7e-m+fp/hard/libgcc.a(_dvmd_tls.o)

Cross Reference Table

Symbol                                            File
ADC_IRQHandler                                    build/debug/startup_stm32f405xx.o
AHBPrescTable                                     build/debug/system_stm32f4xx.o
                                                  build/debug/stm32f4xx_hal_rcc.o
APBPrescTable                                     build/debug/system_stm32f4xx.o
                                                  build/debug/stm32f4xx_hal_rcc.o
BusFault_Handler                                  build/debug/stm32f4xx_it.o
CAN1_RX0_IRQHandler                               build/debug/startup_stm32f405xx.o
CAN1_RX1_IRQHandler                               build/debug/startup_stm32f405xx.o
CAN1_SCE_IRQHandler                               build/debug/startup_stm32f405xx.o
CAN1_TX_IRQHandler                                build/debug/startup_stm32f405xx.o
CAN2_RX0_IRQHandler                               build/debug/startup_stm32f405xx.o
CAN2_RX1_IRQHandler                               build/debug/startup_stm32f405xx.o
CAN2_SCE_IRQHandler                               build/debug/startup_stm32f405xx.o
CAN2_TX_IRQHandler                                build/debug/startup_stm32f405xx.o
CDC_Transmit_FS                                   build/debug/usbd_cdc_if.o
DMA1_Stream0_IRQHandler                           build/debug/startup_stm32f405xx.o
DMA1_Stream1_IRQHandler                           build/debug/startup_stm32f405xx.o
DMA1_Stream2_IRQHandler                           build/debug/startup_stm32f405xx.o
DMA1_Stream3_IRQHandler                           build/debug/startup_stm32f405xx.o
DMA1_Stream4_IRQHandler                           build/debug/startup_stm32f405xx.o
DMA1_Stream5_IRQHandler                           build/debug/startup_stm32f405xx.o
DMA1_Stream6_IRQHandler                           build/debug/startup_stm32f405xx.o
DMA1_Stream7_IRQHandler                           build/debug/startup_stm32f405xx.o
DMA2_Stream0_IRQHandler                           build/debug/startup_stm32f405xx.o
DMA2_Stream1_IRQHandler                           build/debug/startup_stm32f405xx.o
DMA2_Stream2_IRQHandler                           build/debug/startup_stm32f405xx.o
DMA2_Stream3_IRQHandler                           build/debug/startup_stm32f405xx.o
DMA2_Stream4_IRQHandler                           build/debug/startup_stm32f405xx.o
DMA2_Stream5_IRQHandler                           build/debug/startup_stm32f405xx.o
DMA2_Stream6_IRQHandler                           build/debug/startup_stm32f405xx.o
DMA2_Stream7_IRQHandler                           build/debug/startup_stm32f405xx.o
DebugMon_Handler                                  build/debug/stm32f4xx_it.o
Default_Handler                                   build/debug/startup_stm32f405xx.o
EXTI0_IRQHandler                                  build/debug/startup_stm32f405xx.o
EXTI15_10_IRQHandler                              build/debug/startup_stm32f405xx.o
EXTI1_IRQHandler                                  build/debug/startup_stm32f405xx.o
EXTI2_IRQHandler                                  build/debug/startup_stm32f405xx.o
EXTI3_IRQHandler                                  build/debug/startup_stm32f405xx.o
EXTI4_IRQHandler                                  build/debug/startup_stm32f405xx.o
EXTI9_5_IRQHandler                                build/debug/startup_stm32f405xx.o
Error_Handler                                     build/debug/main.o
                                                  build/debug/usbd_conf.o
                                                  build/debug/usb_device.o
                                                  build/debug/usart.o
                                                  build/debug/spi.o
                                                  build/debug/i2c.o
FLASH_Erase_Sector                                build/debug/stm32f4xx_hal_flash_ex.o
                                                  build/debug/stm32f4xx_hal_flash.o
FLASH_FlushCaches                                 build/debug/stm32f4xx_hal_flash_ex.o
                                                  build/debug/stm32f4xx_hal_flash.o
FLASH_IRQHandler                                  build/debug/startup_stm32f405xx.o
FLASH_WaitForLastOperation                        build/debug/stm32f4xx_hal_flash.o
                                                  build/debug/stm32f4xx_hal_flash_ex.o
FPU_IRQHandler                                    build/debug/startup_stm32f405xx.o
FSMC_IRQHandler                                   build/debug/startup_stm32f405xx.o
FS_Desc                                           build/debug/usbd_desc.o
                                                  build/debug/usb_device.o
HAL_CORTEX_ClearEvent                             build/debug/stm32f4xx_hal_cortex.o
HAL_DBGMCU_DisableDBGSleepMode                    build/debug/stm32f4xx_hal.o
HAL_DBGMCU_DisableDBGStandbyMode                  build/debug/stm32f4xx_hal.o
HAL_DBGMCU_DisableDBGStopMode                     build/debug/stm32f4xx_hal.o
HAL_DBGMCU_EnableDBGSleepMode                     build/debug/stm32f4xx_hal.o
HAL_DBGMCU_EnableDBGStandbyMode                   build/debug/stm32f4xx_hal.o
HAL_DBGMCU_EnableDBGStopMode                      build/debug/stm32f4xx_hal.o
HAL_DMAEx_ChangeMemory                            build/debug/stm32f4xx_hal_dma_ex.o
HAL_DMAEx_MultiBufferStart                        build/debug/stm32f4xx_hal_dma_ex.o
HAL_DMAEx_MultiBufferStart_IT                     build/debug/stm32f4xx_hal_dma_ex.o
HAL_DMA_Abort                                     build/debug/stm32f4xx_hal_dma.o
                                                  build/debug/stm32f4xx_hal_uart.o
                                                  build/debug/stm32f4xx_hal_spi.o
HAL_DMA_Abort_IT                                  build/debug/stm32f4xx_hal_dma.o
                                                  build/debug/stm32f4xx_hal_uart.o
                                                  build/debug/stm32f4xx_hal_spi.o
                                                  build/debug/stm32f4xx_hal_i2c.o
HAL_DMA_DeInit                                    build/debug/stm32f4xx_hal_dma.o
HAL_DMA_GetError                                  build/debug/stm32f4xx_hal_dma.o
                                                  build/debug/stm32f4xx_hal_uart.o
                                                  build/debug/stm32f4xx_hal_i2c.o
HAL_DMA_GetState                                  build/debug/stm32f4xx_hal_dma.o
                                                  build/debug/stm32f4xx_hal_i2c.o
HAL_DMA_IRQHandler                                build/debug/stm32f4xx_hal_dma.o
HAL_DMA_Init                                      build/debug/stm32f4xx_hal_dma.o
HAL_DMA_PollForTransfer                           build/debug/stm32f4xx_hal_dma.o
HAL_DMA_RegisterCallback                          build/debug/stm32f4xx_hal_dma.o
HAL_DMA_Start                                     build/debug/stm32f4xx_hal_dma.o
HAL_DMA_Start_IT                                  build/debug/stm32f4xx_hal_dma.o
                                                  build/debug/stm32f4xx_hal_uart.o
                                                  build/debug/stm32f4xx_hal_spi.o
                                                  build/debug/stm32f4xx_hal_i2c.o
HAL_DMA_UnRegisterCallback                        build/debug/stm32f4xx_hal_dma.o
HAL_DeInit                                        build/debug/stm32f4xx_hal.o
HAL_Delay                                         build/debug/stm32f4xx_hal.o
                                                  build/debug/usbd_conf.o
                                                  build/debug/stm32f4xx_ll_usb.o
HAL_DisableCompensationCell                       build/debug/stm32f4xx_hal.o
HAL_EXTI_ClearConfigLine                          build/debug/stm32f4xx_hal_exti.o
HAL_EXTI_ClearPending                             build/debug/stm32f4xx_hal_exti.o
HAL_EXTI_GenerateSWI                              build/debug/stm32f4xx_hal_exti.o
HAL_EXTI_GetConfigLine                            build/debug/stm32f4xx_hal_exti.o
HAL_EXTI_GetHandle                                build/debug/stm32f4xx_hal_exti.o
HAL_EXTI_GetPending                               build/debug/stm32f4xx_hal_exti.o
HAL_EXTI_IRQHandler                               build/debug/stm32f4xx_hal_exti.o
HAL_EXTI_RegisterCallback                         build/debug/stm32f4xx_hal_exti.o
HAL_EXTI_SetConfigLine                            build/debug/stm32f4xx_hal_exti.o
HAL_EnableCompensationCell                        build/debug/stm32f4xx_hal.o
HAL_FLASHEx_Erase                                 build/debug/stm32f4xx_hal_flash_ex.o
HAL_FLASHEx_Erase_IT                              build/debug/stm32f4xx_hal_flash_ex.o
HAL_FLASHEx_OBGetConfig                           build/debug/stm32f4xx_hal_flash_ex.o
HAL_FLASHEx_OBProgram                             build/debug/stm32f4xx_hal_flash_ex.o
HAL_FLASH_EndOfOperationCallback                  build/debug/stm32f4xx_hal_flash.o
HAL_FLASH_GetError                                build/debug/stm32f4xx_hal_flash.o
HAL_FLASH_IRQHandler                              build/debug/stm32f4xx_hal_flash.o
HAL_FLASH_Lock                                    build/debug/stm32f4xx_hal_flash.o
HAL_FLASH_OB_Launch                               build/debug/stm32f4xx_hal_flash.o
HAL_FLASH_OB_Lock                                 build/debug/stm32f4xx_hal_flash.o
HAL_FLASH_OB_Unlock                               build/debug/stm32f4xx_hal_flash.o
HAL_FLASH_OperationErrorCallback                  build/debug/stm32f4xx_hal_flash.o
HAL_FLASH_Program                                 build/debug/stm32f4xx_hal_flash.o
HAL_FLASH_Program_IT                              build/debug/stm32f4xx_hal_flash.o
HAL_FLASH_Unlock                                  build/debug/stm32f4xx_hal_flash.o
HAL_GPIO_DeInit                                   build/debug/stm32f4xx_hal_gpio.o
                                                  build/debug/usbd_conf.o
                                                  build/debug/usart.o
                                                  build/debug/spi.o
                                                  build/debug/i2c.o
HAL_GPIO_EXTI_Callback                            build/debug/stm32f4xx_hal_gpio.o
HAL_GPIO_EXTI_IRQHandler                          build/debug/stm32f4xx_hal_gpio.o
HAL_GPIO_Init                                     build/debug/stm32f4xx_hal_gpio.o
                                                  build/debug/usbd_conf.o
                                                  build/debug/usart.o
                                                  build/debug/stm32f4xx_hal_rcc.o
                                                  build/debug/spi.o
                                                  build/debug/i2c.o
HAL_GPIO_LockPin                                  build/debug/stm32f4xx_hal_gpio.o
HAL_GPIO_ReadPin                                  build/debug/stm32f4xx_hal_gpio.o
HAL_GPIO_TogglePin                                build/debug/stm32f4xx_hal_gpio.o
HAL_GPIO_WritePin                                 build/debug/stm32f4xx_hal_gpio.o
HAL_GetDEVID                                      build/debug/stm32f4xx_hal.o
HAL_GetHalVersion                                 build/debug/stm32f4xx_hal.o
HAL_GetREVID                                      build/debug/stm32f4xx_hal.o
HAL_GetTick                                       build/debug/stm32f4xx_hal.o
                                                  build/debug/stm32f4xx_hal_uart.o
                                                  build/debug/stm32f4xx_hal_spi.o
                                                  build/debug/stm32f4xx_hal_rcc_ex.o
                                                  build/debug/stm32f4xx_hal_rcc.o
                                                  build/debug/stm32f4xx_hal_pwr_ex.o
                                                  build/debug/stm32f4xx_hal_i2c.o
                                                  build/debug/stm32f4xx_hal_flash.o
                                                  build/debug/stm32f4xx_hal_dma.o
HAL_GetTickFreq                                   build/debug/stm32f4xx_hal.o
HAL_GetTickPrio                                   build/debug/stm32f4xx_hal.o
HAL_GetUIDw0                                      build/debug/stm32f4xx_hal.o
HAL_GetUIDw1                                      build/debug/stm32f4xx_hal.o
HAL_GetUIDw2                                      build/debug/stm32f4xx_hal.o
HAL_HalfDuplex_EnableReceiver                     build/debug/stm32f4xx_hal_uart.o
HAL_HalfDuplex_EnableTransmitter                  build/debug/stm32f4xx_hal_uart.o
HAL_HalfDuplex_Init                               build/debug/stm32f4xx_hal_uart.o
HAL_I2C_AbortCpltCallback                         build/debug/stm32f4xx_hal_i2c.o
HAL_I2C_AddrCallback                              build/debug/stm32f4xx_hal_i2c.o
HAL_I2C_DeInit                                    build/debug/stm32f4xx_hal_i2c.o
HAL_I2C_DisableListen_IT                          build/debug/stm32f4xx_hal_i2c.o
HAL_I2C_ER_IRQHandler                             build/debug/stm32f4xx_hal_i2c.o
HAL_I2C_EV_IRQHandler                             build/debug/stm32f4xx_hal_i2c.o
HAL_I2C_EnableListen_IT                           build/debug/stm32f4xx_hal_i2c.o
HAL_I2C_ErrorCallback                             build/debug/stm32f4xx_hal_i2c.o
HAL_I2C_GetError                                  build/debug/stm32f4xx_hal_i2c.o
HAL_I2C_GetMode                                   build/debug/stm32f4xx_hal_i2c.o
HAL_I2C_GetState                                  build/debug/stm32f4xx_hal_i2c.o
HAL_I2C_Init                                      build/debug/stm32f4xx_hal_i2c.o
                                                  build/debug/i2c.o
HAL_I2C_IsDeviceReady                             build/debug/stm32f4xx_hal_i2c.o
HAL_I2C_ListenCpltCallback                        build/debug/stm32f4xx_hal_i2c.o
HAL_I2C_MasterRxCpltCallback                      build/debug/stm32f4xx_hal_i2c.o
HAL_I2C_MasterTxCpltCallback                      build/debug/stm32f4xx_hal_i2c.o
HAL_I2C_Master_Abort_IT                           build/debug/stm32f4xx_hal_i2c.o
HAL_I2C_Master_Receive                            build/debug/stm32f4xx_hal_i2c.o
HAL_I2C_Master_Receive_DMA                        build/debug/stm32f4xx_hal_i2c.o
HAL_I2C_Master_Receive_IT                         build/debug/stm32f4xx_hal_i2c.o
HAL_I2C_Master_Seq_Receive_DMA                    build/debug/stm32f4xx_hal_i2c.o
HAL_I2C_Master_Seq_Receive_IT                     build/debug/stm32f4xx_hal_i2c.o
HAL_I2C_Master_Seq_Transmit_DMA                   build/debug/stm32f4xx_hal_i2c.o
HAL_I2C_Master_Seq_Transmit_IT                    build/debug/stm32f4xx_hal_i2c.o
HAL_I2C_Master_Transmit                           build/debug/stm32f4xx_hal_i2c.o
HAL_I2C_Master_Transmit_DMA                       build/debug/stm32f4xx_hal_i2c.o
HAL_I2C_Master_Transmit_IT                        build/debug/stm32f4xx_hal_i2c.o
HAL_I2C_MemRxCpltCallback                         build/debug/stm32f4xx_hal_i2c.o
HAL_I2C_MemTxCpltCallback                         build/debug/stm32f4xx_hal_i2c.o
HAL_I2C_Mem_Read                                  build/debug/stm32f4xx_hal_i2c.o
HAL_I2C_Mem_Read_DMA                              build/debug/stm32f4xx_hal_i2c.o
HAL_I2C_Mem_Read_IT                               build/debug/stm32f4xx_hal_i2c.o
HAL_I2C_Mem_Write                                 build/debug/stm32f4xx_hal_i2c.o
HAL_I2C_Mem_Write_DMA                             build/debug/stm32f4xx_hal_i2c.o
HAL_I2C_Mem_Write_IT                              build/debug/stm32f4xx_hal_i2c.o
HAL_I2C_MspDeInit                                 build/debug/i2c.o
HAL_I2C_MspInit                                   build/debug/i2c.o
HAL_I2C_SlaveRxCpltCallback                       build/debug/stm32f4xx_hal_i2c.o
HAL_I2C_SlaveTxCpltCallback                       build/debug/stm32f4xx_hal_i2c.o
HAL_I2C_Slave_Receive                             build/debug/stm32f4xx_hal_i2c.o
HAL_I2C_Slave_Receive_DMA                         build/debug/stm32f4xx_hal_i2c.o
HAL_I2C_Slave_Receive_IT                          build/debug/stm32f4xx_hal_i2c.o
HAL_I2C_Slave_Seq_Receive_DMA                     build/debug/stm32f4xx_hal_i2c.o
HAL_I2C_Slave_Seq_Receive_IT                      build/debug/stm32f4xx_hal_i2c.o
HAL_I2C_Slave_Seq_Transmit_DMA                    build/debug/stm32f4xx_hal_i2c.o
HAL_I2C_Slave_Seq_Transmit_IT                     build/debug/stm32f4xx_hal_i2c.o
HAL_I2C_Slave_Transmit                            build/debug/stm32f4xx_hal_i2c.o
HAL_I2C_Slave_Transmit_DMA                        build/debug/stm32f4xx_hal_i2c.o
HAL_I2C_Slave_Transmit_IT                         build/debug/stm32f4xx_hal_i2c.o
HAL_IncTick                                       build/debug/stm32f4xx_hal.o
                                                  build/debug/stm32f4xx_it.o
HAL_Init                                          build/debug/stm32f4xx_hal.o
                                                  build/debug/main.o
HAL_InitTick                                      build/debug/stm32f4xx_hal.o
                                                  build/debug/stm32f4xx_hal_rcc_ex.o
                                                  build/debug/stm32f4xx_hal_rcc.o
HAL_LIN_Init                                      build/debug/stm32f4xx_hal_uart.o
HAL_LIN_SendBreak                                 build/debug/stm32f4xx_hal_uart.o
HAL_MPU_ConfigRegion                              build/debug/stm32f4xx_hal_cortex.o
HAL_MPU_Disable                                   build/debug/stm32f4xx_hal_cortex.o
HAL_MPU_DisableRegion                             build/debug/stm32f4xx_hal_cortex.o
HAL_MPU_Enable                                    build/debug/stm32f4xx_hal_cortex.o
HAL_MPU_EnableRegion                              build/debug/stm32f4xx_hal_cortex.o
HAL_MspDeInit                                     build/debug/stm32f4xx_hal.o
HAL_MspInit                                       build/debug/stm32f4xx_hal_msp.o
                                                  build/debug/stm32f4xx_hal.o
HAL_MultiProcessor_EnterMuteMode                  build/debug/stm32f4xx_hal_uart.o
HAL_MultiProcessor_ExitMuteMode                   build/debug/stm32f4xx_hal_uart.o
HAL_MultiProcessor_Init                           build/debug/stm32f4xx_hal_uart.o
HAL_NVIC_ClearPendingIRQ                          build/debug/stm32f4xx_hal_cortex.o
HAL_NVIC_DisableIRQ                               build/debug/stm32f4xx_hal_cortex.o
                                                  build/debug/usbd_conf.o
HAL_NVIC_EnableIRQ                                build/debug/stm32f4xx_hal_cortex.o
                                                  build/debug/usbd_conf.o
HAL_NVIC_GetActive                                build/debug/stm32f4xx_hal_cortex.o
HAL_NVIC_GetPendingIRQ                            build/debug/stm32f4xx_hal_cortex.o
HAL_NVIC_GetPriority                              build/debug/stm32f4xx_hal_cortex.o
HAL_NVIC_GetPriorityGrouping                      build/debug/stm32f4xx_hal_cortex.o
HAL_NVIC_SetPendingIRQ                            build/debug/stm32f4xx_hal_cortex.o
HAL_NVIC_SetPriority                              build/debug/stm32f4xx_hal_cortex.o
                                                  build/debug/usbd_conf.o
                                                  build/debug/stm32f4xx_hal.o
HAL_NVIC_SetPriorityGrouping                      build/debug/stm32f4xx_hal_cortex.o
                                                  build/debug/stm32f4xx_hal.o
HAL_NVIC_SystemReset                              build/debug/stm32f4xx_hal_cortex.o
HAL_PCDEx_BCD_Callback                            build/debug/stm32f4xx_hal_pcd_ex.o
HAL_PCDEx_LPM_Callback                            build/debug/stm32f4xx_hal_pcd_ex.o
                                                  build/debug/stm32f4xx_hal_pcd.o
HAL_PCDEx_SetRxFiFo                               build/debug/stm32f4xx_hal_pcd_ex.o
                                                  build/debug/usbd_conf.o
HAL_PCDEx_SetTxFiFo                               build/debug/stm32f4xx_hal_pcd_ex.o
                                                  build/debug/usbd_conf.o
HAL_PCD_ActivateRemoteWakeup                      build/debug/stm32f4xx_hal_pcd.o
HAL_PCD_ConnectCallback                           build/debug/usbd_conf.o
                                                  build/debug/stm32f4xx_hal_pcd.o
HAL_PCD_DataInStageCallback                       build/debug/usbd_conf.o
                                                  build/debug/stm32f4xx_hal_pcd.o
HAL_PCD_DataOutStageCallback                      build/debug/usbd_conf.o
                                                  build/debug/stm32f4xx_hal_pcd.o
HAL_PCD_DeActivateRemoteWakeup                    build/debug/stm32f4xx_hal_pcd.o